<html>
<body>
<pre>
<h1>µVision Build Log</h1>
<h2>Tool Versions:</h2>
IDE-Version: µVision V5.24.2.0
Copyright (C) 2017 ARM Ltd and ARM Germany GmbH. All rights reserved.
License Information: Shemar Hutson, Lawrence Technological University, LIC=----
 
Tool Versions:
Toolchain:       MDK-Lite  Version: 5.24.1
Toolchain Path:  C:\Keil_v5\ARM\ARMCC\Bin
C Compiler:      Armcc.exe V5.06 update 5 (build 528)
Assembler:       Armasm.exe V5.06 update 5 (build 528)
Linker/Locator:  ArmLink.exe V5.06 update 5 (build 528)
Library Manager: ArmAr.exe V5.06 update 5 (build 528)
Hex Converter:   FromElf.exe V5.06 update 5 (build 528)
CPU DLL:         SARMCM3.DLL V5.24.1
Dialog DLL:      DARMCM1.DLL V1.18.0.0
Target DLL:      Segger\JL2CM3.dll V2.99.26.0
Dialog DLL:      TARMCM1.DLL V1.13.0.0
 
<h2>Project:</h2>
C:\Users\shutson1\Documents\GitHub\Tiva_Usb1\working\test.uvprojx
Project File Date:  10/12/2017

<h2>Output:</h2>
*** Using Compiler 'V5.06 update 5 (build 528)', folder: 'C:\Keil_v5\ARM\ARMCC\Bin'
Rebuild target 'Target 1'
compiling main.c...
main.c(44): warning:  #111-D: statement is unreachable
  
AL_GPIO_PIN(LED,      A, 17);
main.c(44): warning:  #111-D: statement is unreachable
  
AL_GPIO_PIN(LED,      A, 17);
main.c(187): warning:  #111-D: statement is unreachable
    return 0;
main.c: 3 warnings, 0 errors
compiling debug.c...
debug.c(39): warning:  #111-D: statement is unreachable
  
AL_GPIO_PIN(UART_TX,  A, 22)
debug.c(39): warning:  #111-D: statement is unreachable
  
AL_GPIO_PIN(UART_TX,  A, 22)
debug.c(40): warning:  #111-D: statement is unreachable
  
AL_GPIO_PIN(UART_RX,  A, 23)
debug.c(40): warning:  #111-D: statement is unreachable
  
AL_GPIO_PIN(UART_RX,  A, 23)
debug.c: 4 warnings, 0 errors
compiling gpio.c...
gpio.c(40): warning:  #111-D: statement is unreachable
  
AL_GPIO_PIN(0,   B, 0);
gpio.c(40): warning:  #111-D: statement is unreachable
  
AL_GPIO_PIN(0,   B, 0);
gpio.c(41): warning:  #111-D: statement is unreachable
  
AL_GPIO_PIN(1,   B, 1);
gpio.c(41): warning:  #111-D: statement is unreachable
  
AL_GPIO_PIN(1,   B, 1);
gpio.c(42): warning:  #111-D: statement is unreachable
  
AL_GPIO_PIN(2,   B, 2);
gpio.c(42): warning:  #111-D: statement is unreachable
  
AL_GPIO_PIN(2,   B, 2);
gpio.c(43): warning:  #111-D: statement is unreachable
  
AL_GPIO_PIN(3,   B, 3);
gpio.c(43): warning:  #111-D: statement is unreachable
  
AL_GPIO_PIN(3,   B, 3);
gpio.c(44): warning:  #111-D: statement is unreachable
  
AL_GPIO_PIN(4,   B, 4);
gpio.c(44): warning:  #111-D: statement is unreachable
  
AL_GPIO_PIN(4,   B, 4);
gpio.c(45): warning:  #111-D: statement is unreachable
  
AL_GPIO_PIN(5,   B, 5);
gpio.c(45): warning:  #111-D: statement is unreachable
  
AL_GPIO_PIN(5,   B, 5);
gpio.c(46): warning:  #111-D: statement is unreachable
  
AL_GPIO_PIN(6,   B, 6);
gpio.c(46): warning:  #111-D: statement is unreachable
  
AL_GPIO_PIN(6,   B, 6);
gpio.c(47): warning:  #111-D: statement is unreachable
  
AL_GPIO_PIN(7,   B, 7);
gpio.c(47): warning:  #111-D: statement is unreachable
  
AL_GPIO_PIN(7,   B, 7);
gpio.c: 16 warnings, 0 errors
compiling usb.c...
compiling usb_descriptors.c...
compiling startup_samd21.c...
assembling startup_SAMD21.s...
compiling udc.c...
udc.c(42): warning:  #111-D: statement is unreachable
  
AL_GPIO_PIN(USB_DM,   A, 24);
udc.c(42): warning:  #111-D: statement is unreachable
  
AL_GPIO_PIN(USB_DM,   A, 24);
udc.c(43): warning:  #111-D: statement is unreachable
  
AL_GPIO_PIN(USB_DP,   A, 25);
udc.c(43): warning:  #111-D: statement is unreachable
  
AL_GPIO_PIN(USB_DP,   A, 25);
udc.c(141): warning:  #550-D: variable "status"  was set but never used
  	uint8_t status; 
udc.c: 5 warnings, 0 errors
compiling system_samd21.c...
linking...
Program Size: Code=6436 RO-data=288 RW-data=168 ZI-data=1280  
".\Objects\test.axf" - 0 Error(s), 28 Warning(s).

<h2>Software Packages used:</h2>

Package Vendor: ARM
                http://www.keil.com/pack/ARM.CMSIS.5.1.1.pack
                ARM.CMSIS.5.1.1
                CMSIS (Cortex Microcontroller Software Interface Standard)
   * Component: CORE Version: 5.0.2

Package Vendor: Keil
                http://www.keil.com/pack/Keil.SAMD21_DFP.1.2.0.pack
                Keil.SAMD21_DFP.1.2.0
                Atmel SAM D21 Series Device Support and Examples
   * Component: Startup Version: 1.0.1

<h2>Collection of Component include folders:</h2>
  .\RTE\_Target_1
  C:\Keil_v5\ARM\PACK\ARM\CMSIS\5.1.1\CMSIS\Include
  C:\Keil_v5\ARM\PACK\Keil\SAMD21_DFP\1.2.0\Device\SAMD21\Include

<h2>Collection of Component Files used:</h2>

   * Component: Keil::Device:Startup:1.0.1
      Source file:   Device\SAMD21\Source\ARM\startup_SAMD21.s
      Source file:   Device\SAMD21\Source\system_samd21.c

   * Component: ARM::CMSIS:CORE:5.0.2
Build Time Elapsed:  00:00:04
</pre>
</body>
</html>
