Component: ARM Compiler 5.06 update 5 (build 528) Tool: armlink [4d35e2]

==============================================================================

Section Cross References

    debug.o(i.debug_puthex) refers to rt_memcpy.o(.emb_text) for __aeabi_memcpy4
    debug.o(i.debug_puthex) refers to debug.o(i.debug_putc) for debug_putc
    debug.o(i.debug_puts) refers to debug.o(i.debug_putc) for debug_putc
    gpio.o(i.gpio_config_fn_0) refers to gpio.o(i.HAL_GPIO_0_in) for HAL_GPIO_0_in
    gpio.o(i.gpio_config_fn_0) refers to gpio.o(i.HAL_GPIO_0_pullen) for HAL_GPIO_0_pullen
    gpio.o(i.gpio_config_fn_0) refers to gpio.o(i.HAL_GPIO_0_write) for HAL_GPIO_0_write
    gpio.o(i.gpio_config_fn_0) refers to gpio.o(.bss) for gpio_config
    gpio.o(i.gpio_config_fn_1) refers to gpio.o(i.HAL_GPIO_1_in) for HAL_GPIO_1_in
    gpio.o(i.gpio_config_fn_1) refers to gpio.o(i.HAL_GPIO_1_pullen) for HAL_GPIO_1_pullen
    gpio.o(i.gpio_config_fn_1) refers to gpio.o(i.HAL_GPIO_1_write) for HAL_GPIO_1_write
    gpio.o(i.gpio_config_fn_1) refers to gpio.o(.bss) for gpio_config
    gpio.o(i.gpio_config_fn_2) refers to gpio.o(i.HAL_GPIO_2_in) for HAL_GPIO_2_in
    gpio.o(i.gpio_config_fn_2) refers to gpio.o(i.HAL_GPIO_2_pullen) for HAL_GPIO_2_pullen
    gpio.o(i.gpio_config_fn_2) refers to gpio.o(i.HAL_GPIO_2_write) for HAL_GPIO_2_write
    gpio.o(i.gpio_config_fn_2) refers to gpio.o(.bss) for gpio_config
    gpio.o(i.gpio_config_fn_3) refers to gpio.o(i.HAL_GPIO_3_in) for HAL_GPIO_3_in
    gpio.o(i.gpio_config_fn_3) refers to gpio.o(i.HAL_GPIO_3_pullen) for HAL_GPIO_3_pullen
    gpio.o(i.gpio_config_fn_3) refers to gpio.o(i.HAL_GPIO_3_write) for HAL_GPIO_3_write
    gpio.o(i.gpio_config_fn_3) refers to gpio.o(.bss) for gpio_config
    gpio.o(i.gpio_config_fn_4) refers to gpio.o(i.HAL_GPIO_4_in) for HAL_GPIO_4_in
    gpio.o(i.gpio_config_fn_4) refers to gpio.o(i.HAL_GPIO_4_pullen) for HAL_GPIO_4_pullen
    gpio.o(i.gpio_config_fn_4) refers to gpio.o(i.HAL_GPIO_4_write) for HAL_GPIO_4_write
    gpio.o(i.gpio_config_fn_4) refers to gpio.o(.bss) for gpio_config
    gpio.o(i.gpio_config_fn_5) refers to gpio.o(i.HAL_GPIO_5_in) for HAL_GPIO_5_in
    gpio.o(i.gpio_config_fn_5) refers to gpio.o(i.HAL_GPIO_5_pullen) for HAL_GPIO_5_pullen
    gpio.o(i.gpio_config_fn_5) refers to gpio.o(i.HAL_GPIO_5_write) for HAL_GPIO_5_write
    gpio.o(i.gpio_config_fn_5) refers to gpio.o(.bss) for gpio_config
    gpio.o(i.gpio_config_fn_6) refers to gpio.o(i.HAL_GPIO_6_in) for HAL_GPIO_6_in
    gpio.o(i.gpio_config_fn_6) refers to gpio.o(i.HAL_GPIO_6_pullen) for HAL_GPIO_6_pullen
    gpio.o(i.gpio_config_fn_6) refers to gpio.o(i.HAL_GPIO_6_write) for HAL_GPIO_6_write
    gpio.o(i.gpio_config_fn_6) refers to gpio.o(.bss) for gpio_config
    gpio.o(i.gpio_config_fn_7) refers to gpio.o(i.HAL_GPIO_7_in) for HAL_GPIO_7_in
    gpio.o(i.gpio_config_fn_7) refers to gpio.o(i.HAL_GPIO_7_pullen) for HAL_GPIO_7_pullen
    gpio.o(i.gpio_config_fn_7) refers to gpio.o(i.HAL_GPIO_7_write) for HAL_GPIO_7_write
    gpio.o(i.gpio_config_fn_7) refers to gpio.o(.bss) for gpio_config
    gpio.o(i.gpio_configure) refers to gpio.o(i.gpio_config_fn_0) for gpio_config_fn_0
    gpio.o(i.gpio_configure) refers to gpio.o(i.gpio_config_fn_1) for gpio_config_fn_1
    gpio.o(i.gpio_configure) refers to gpio.o(i.gpio_config_fn_2) for gpio_config_fn_2
    gpio.o(i.gpio_configure) refers to gpio.o(i.gpio_config_fn_3) for gpio_config_fn_3
    gpio.o(i.gpio_configure) refers to gpio.o(i.gpio_config_fn_4) for gpio_config_fn_4
    gpio.o(i.gpio_configure) refers to gpio.o(i.gpio_config_fn_5) for gpio_config_fn_5
    gpio.o(i.gpio_configure) refers to gpio.o(i.gpio_config_fn_6) for gpio_config_fn_6
    gpio.o(i.gpio_configure) refers to gpio.o(i.gpio_config_fn_7) for gpio_config_fn_7
    gpio.o(i.gpio_init) refers to gpio.o(i.gpio_configure) for gpio_configure
    gpio.o(i.gpio_write) refers to gpio.o(i.HAL_GPIO_0_write) for HAL_GPIO_0_write
    gpio.o(i.gpio_write) refers to gpio.o(i.HAL_GPIO_1_write) for HAL_GPIO_1_write
    gpio.o(i.gpio_write) refers to gpio.o(i.HAL_GPIO_2_write) for HAL_GPIO_2_write
    gpio.o(i.gpio_write) refers to gpio.o(i.HAL_GPIO_3_write) for HAL_GPIO_3_write
    gpio.o(i.gpio_write) refers to gpio.o(i.HAL_GPIO_4_write) for HAL_GPIO_4_write
    gpio.o(i.gpio_write) refers to gpio.o(i.HAL_GPIO_5_write) for HAL_GPIO_5_write
    gpio.o(i.gpio_write) refers to gpio.o(i.HAL_GPIO_6_write) for HAL_GPIO_6_write
    gpio.o(i.gpio_write) refers to gpio.o(i.HAL_GPIO_7_write) for HAL_GPIO_7_write
    gpio.o(i.gpio_write) refers to gpio.o(.bss) for gpio_config
    main.o(i.main) refers to main.o(i.sys_init) for sys_init
    main.o(i.main) refers to main.o(i.timer_init) for timer_init
    main.o(i.main) refers to debug.o(i.debug_init) for debug_init
    main.o(i.main) refers to debug.o(i.debug_puts) for debug_puts
    main.o(i.main) refers to usb.o(i.usb_init) for usb_init
    main.o(i.main) refers to gpio.o(i.gpio_init) for gpio_init
    main.o(i.usb_configuration_callback) refers to usb.o(i.usb_recv) for usb_recv
    main.o(i.usb_configuration_callback) refers to main.o(i.usb_recv_callback) for usb_recv_callback
    main.o(i.usb_configuration_callback) refers to main.o(.bss) for app_usb_recv_buffer
    main.o(i.usb_recv_callback) refers to usb.o(i.usb_send) for usb_send
    main.o(i.usb_recv_callback) refers to usb.o(i.usb_recv) for usb_recv
    main.o(i.usb_recv_callback) refers to main.o(.bss) for app_usb_recv_buffer
    main.o(i.usb_recv_callback) refers to main.o(i.usb_send_callback) for usb_send_callback
    udc.o(i.USB_Handler) refers to udc.o(i.udc_reset_endpoint) for udc_reset_endpoint
    udc.o(i.USB_Handler) refers to usb.o(i.usb_handle_standard_request) for usb_handle_standard_request
    udc.o(i.USB_Handler) refers to usb.o(i.udc_recv_callback) for udc_recv_callback
    udc.o(i.USB_Handler) refers to usb.o(i.udc_send_callback) for udc_send_callback
    udc.o(i.USB_Handler) refers to udc.o(.bss) for udc_ctrl_in_buf
    udc.o(i.udc_configure_endpoint) refers to udc.o(i.udc_reset_endpoint) for udc_reset_endpoint
    udc.o(i.udc_configure_endpoint) refers to udc.o(.bss) for udc_mem
    udc.o(i.udc_control_send) refers to rt_memcpy.o(.text) for __aeabi_memcpy
    udc.o(i.udc_control_send) refers to usb_descriptors.o(.data) for usb_device_descriptor
    udc.o(i.udc_control_send) refers to udc.o(.bss) for udc_ctrl_in_buf
    udc.o(i.udc_control_send_zlp) refers to udc.o(.bss) for udc_mem
    udc.o(i.udc_init) refers to rt_memclr.o(.text) for __aeabi_memclr4
    udc.o(i.udc_init) refers to udc.o(i.udc_reset_endpoint) for udc_reset_endpoint
    udc.o(i.udc_init) refers to udc.o(.bss) for udc_mem
    udc.o(i.udc_recv) refers to udc.o(.bss) for udc_mem
    udc.o(i.udc_send) refers to udc.o(.bss) for udc_mem
    usb.o(i.udc_recv_callback) refers to usb.o(.bss) for usb_endpoints
    usb.o(i.udc_send_callback) refers to usb.o(.bss) for usb_endpoints
    usb.o(i.usb_handle_standard_request) refers to udc.o(i.udc_control_send) for udc_control_send
    usb.o(i.usb_handle_standard_request) refers to strlen.o(.text) for strlen
    usb.o(i.usb_handle_standard_request) refers to rt_memclr.o(.text) for __aeabi_memclr
    usb.o(i.usb_handle_standard_request) refers to udc.o(i.udc_control_stall) for udc_control_stall
    usb.o(i.usb_handle_standard_request) refers to udc.o(i.udc_control_send_zlp) for udc_control_send_zlp
    usb.o(i.usb_handle_standard_request) refers to udc.o(i.udc_set_address) for udc_set_address
    usb.o(i.usb_handle_standard_request) refers to udc.o(i.udc_configure_endpoint) for udc_configure_endpoint
    usb.o(i.usb_handle_standard_request) refers to main.o(i.usb_configuration_callback) for usb_configuration_callback
    usb.o(i.usb_handle_standard_request) refers to udc.o(i.udc_endpoint_configured) for udc_endpoint_configured
    usb.o(i.usb_handle_standard_request) refers to udc.o(i.udc_endpoint_get_status) for udc_endpoint_get_status
    usb.o(i.usb_handle_standard_request) refers to udc.o(i.udc_endpoint_set_feature) for udc_endpoint_set_feature
    usb.o(i.usb_handle_standard_request) refers to udc.o(i.udc_endpoint_clear_feature) for udc_endpoint_clear_feature
    usb.o(i.usb_handle_standard_request) refers to usb_descriptors.o(.data) for usb_device_descriptor
    usb.o(i.usb_handle_standard_request) refers to usb_descriptors.o(.bss) for usb_string_descriptor_buffer
    usb.o(i.usb_handle_standard_request) refers to usb.o(.data) for usb_config
    usb.o(i.usb_init) refers to udc.o(i.udc_init) for udc_init
    usb.o(i.usb_init) refers to usb.o(.data) for usb_config
    usb.o(i.usb_recv) refers to udc.o(i.udc_recv) for udc_recv
    usb.o(i.usb_recv) refers to usb.o(.bss) for usb_endpoints
    usb.o(i.usb_send) refers to udc.o(i.udc_send) for udc_send
    usb.o(i.usb_send) refers to usb.o(.bss) for usb_endpoints
    usb_descriptors.o(.data) refers to usb_descriptors.o(.conststring) for .conststring
    startup_samd21_1.o(STACK) refers (Special) to heapauxi.o(.text) for __use_two_region_memory
    startup_samd21_1.o(HEAP) refers (Special) to heapauxi.o(.text) for __use_two_region_memory
    startup_samd21_1.o(RESET) refers (Special) to heapauxi.o(.text) for __use_two_region_memory
    startup_samd21_1.o(RESET) refers to startup_samd21_1.o(STACK) for __initial_sp
    startup_samd21_1.o(RESET) refers to startup_samd21_1.o(.text) for Reset_Handler
    startup_samd21_1.o(RESET) refers to udc.o(i.USB_Handler) for USB_Handler
    startup_samd21_1.o(RESET) refers to main.o(i.TC3_Handler) for TC3_Handler
    startup_samd21_1.o(.text) refers (Special) to heapauxi.o(.text) for __use_two_region_memory
    startup_samd21_1.o(.text) refers to system_samd21.o(i.SystemInit) for SystemInit
    startup_samd21_1.o(.text) refers to __main.o(!!!main) for __main
    startup_samd21_1.o(.text) refers to startup_samd21_1.o(HEAP) for Heap_Mem
    startup_samd21_1.o(.text) refers to startup_samd21_1.o(STACK) for Stack_Mem
    system_samd21.o(i.SystemCoreClockUpdate) refers to system_samd21.o(.data) for SystemCoreClock
    system_samd21.o(i.SystemInit) refers to system_samd21.o(.data) for SystemCoreClock
    rt_memcpy.o(.text) refers to rt_memcpy.o(.emb_text) for __aeabi_memcpy4
    __main.o(!!!main) refers to __rtentry.o(.ARM.Collect$$rtentry$$00000000) for __rt_entry
    __rtentry.o(.ARM.Collect$$rtentry$$00000000) refers (Special) to __rtentry2.o(.ARM.Collect$$rtentry$$0000000A) for __rt_entry_li
    __rtentry.o(.ARM.Collect$$rtentry$$00000000) refers (Special) to __rtentry2.o(.ARM.Collect$$rtentry$$0000000D) for __rt_entry_main
    __rtentry.o(.ARM.Collect$$rtentry$$00000000) refers (Special) to __rtentry2.o(.ARM.Collect$$rtentry$$0000000C) for __rt_entry_postli_1
    __rtentry.o(.ARM.Collect$$rtentry$$00000000) refers (Special) to __rtentry2.o(.ARM.Collect$$rtentry$$00000009) for __rt_entry_postsh_1
    __rtentry.o(.ARM.Collect$$rtentry$$00000000) refers (Special) to __rtentry2.o(.ARM.Collect$$rtentry$$00000002) for __rt_entry_presh_1
    __rtentry.o(.ARM.Collect$$rtentry$$00000000) refers (Special) to __rtentry4.o(.ARM.Collect$$rtentry$$00000004) for __rt_entry_sh
    __rtentry2.o(.ARM.Collect$$rtentry$$00000008) refers to boardinit2.o(.text) for _platform_post_stackheap_init
    __rtentry2.o(.ARM.Collect$$rtentry$$0000000A) refers to libinit.o(.ARM.Collect$$libinit$$00000000) for __rt_lib_init
    __rtentry2.o(.ARM.Collect$$rtentry$$0000000B) refers to boardinit3.o(.text) for _platform_post_lib_init
    __rtentry2.o(.ARM.Collect$$rtentry$$0000000D) refers to main.o(i.main) for main
    __rtentry2.o(.ARM.Collect$$rtentry$$0000000D) refers to exit.o(.text) for exit
    __rtentry2.o(.ARM.exidx) refers to __rtentry2.o(.ARM.Collect$$rtentry$$00000001) for .ARM.Collect$$rtentry$$00000001
    __rtentry2.o(.ARM.exidx) refers to __rtentry2.o(.ARM.Collect$$rtentry$$00000008) for .ARM.Collect$$rtentry$$00000008
    __rtentry2.o(.ARM.exidx) refers to __rtentry2.o(.ARM.Collect$$rtentry$$0000000A) for .ARM.Collect$$rtentry$$0000000A
    __rtentry2.o(.ARM.exidx) refers to __rtentry2.o(.ARM.Collect$$rtentry$$0000000B) for .ARM.Collect$$rtentry$$0000000B
    __rtentry2.o(.ARM.exidx) refers to __rtentry2.o(.ARM.Collect$$rtentry$$0000000D) for .ARM.Collect$$rtentry$$0000000D
    __rtentry4.o(.ARM.Collect$$rtentry$$00000004) refers to sys_stackheap_outer.o(.text) for __user_setup_stackheap
    __rtentry4.o(.ARM.exidx) refers to __rtentry4.o(.ARM.Collect$$rtentry$$00000004) for .ARM.Collect$$rtentry$$00000004
    sys_stackheap_outer.o(.text) refers to libspace.o(.text) for __user_perproc_libspace
    sys_stackheap_outer.o(.text) refers to startup_samd21_1.o(.text) for __user_initial_stackheap
    sys_stackheap_outer.o(__vectab_stack_and_reset_area) refers to tempstk.o(.text) for __temporary_stack_top
    sys_stackheap_outer.o(__vectab_stack_and_reset_area) refers to __main.o(!!!main) for __main
    exit.o(.text) refers to rtexit.o(.ARM.Collect$$rtexit$$00000000) for __rt_exit
    libinit.o(.ARM.Collect$$libinit$$00000000) refers (Special) to libinit2.o(.ARM.Collect$$libinit$$0000002E) for __rt_lib_init_alloca_1
    libinit.o(.ARM.Collect$$libinit$$00000000) refers (Special) to libinit2.o(.ARM.Collect$$libinit$$0000002C) for __rt_lib_init_argv_1
    libinit.o(.ARM.Collect$$libinit$$00000000) refers (Special) to libinit2.o(.ARM.Collect$$libinit$$0000001B) for __rt_lib_init_atexit_1
    libinit.o(.ARM.Collect$$libinit$$00000000) refers (Special) to libinit2.o(.ARM.Collect$$libinit$$00000021) for __rt_lib_init_clock_1
    libinit.o(.ARM.Collect$$libinit$$00000000) refers (Special) to libinit2.o(.ARM.Collect$$libinit$$00000032) for __rt_lib_init_cpp_1
    libinit.o(.ARM.Collect$$libinit$$00000000) refers (Special) to libinit2.o(.ARM.Collect$$libinit$$00000030) for __rt_lib_init_exceptions_1
    libinit.o(.ARM.Collect$$libinit$$00000000) refers (Special) to libinit2.o(.ARM.Collect$$libinit$$00000002) for __rt_lib_init_fp_1
    libinit.o(.ARM.Collect$$libinit$$00000000) refers (Special) to libinit2.o(.ARM.Collect$$libinit$$0000001F) for __rt_lib_init_fp_trap_1
    libinit.o(.ARM.Collect$$libinit$$00000000) refers (Special) to libinit2.o(.ARM.Collect$$libinit$$00000023) for __rt_lib_init_getenv_1
    libinit.o(.ARM.Collect$$libinit$$00000000) refers (Special) to libinit2.o(.ARM.Collect$$libinit$$0000000A) for __rt_lib_init_heap_1
    libinit.o(.ARM.Collect$$libinit$$00000000) refers (Special) to libinit2.o(.ARM.Collect$$libinit$$00000011) for __rt_lib_init_lc_collate_1
    libinit.o(.ARM.Collect$$libinit$$00000000) refers (Special) to libinit2.o(.ARM.Collect$$libinit$$00000013) for __rt_lib_init_lc_ctype_1
    libinit.o(.ARM.Collect$$libinit$$00000000) refers (Special) to libinit2.o(.ARM.Collect$$libinit$$00000015) for __rt_lib_init_lc_monetary_1
    libinit.o(.ARM.Collect$$libinit$$00000000) refers (Special) to libinit2.o(.ARM.Collect$$libinit$$00000017) for __rt_lib_init_lc_numeric_1
    libinit.o(.ARM.Collect$$libinit$$00000000) refers (Special) to libinit2.o(.ARM.Collect$$libinit$$00000019) for __rt_lib_init_lc_time_1
    libinit.o(.ARM.Collect$$libinit$$00000000) refers (Special) to libinit2.o(.ARM.Collect$$libinit$$00000004) for __rt_lib_init_preinit_1
    libinit.o(.ARM.Collect$$libinit$$00000000) refers (Special) to libinit2.o(.ARM.Collect$$libinit$$0000000E) for __rt_lib_init_rand_1
    libinit.o(.ARM.Collect$$libinit$$00000000) refers (Special) to libinit2.o(.ARM.Collect$$libinit$$00000033) for __rt_lib_init_return
    libinit.o(.ARM.Collect$$libinit$$00000000) refers (Special) to libinit2.o(.ARM.Collect$$libinit$$0000001D) for __rt_lib_init_signal_1
    libinit.o(.ARM.Collect$$libinit$$00000000) refers (Special) to libinit2.o(.ARM.Collect$$libinit$$00000025) for __rt_lib_init_stdio_1
    libinit.o(.ARM.Collect$$libinit$$00000000) refers (Special) to libinit2.o(.ARM.Collect$$libinit$$0000000C) for __rt_lib_init_user_alloc_1
    libspace.o(.text) refers to libspace.o(.bss) for __libspace_start
    rtexit.o(.ARM.Collect$$rtexit$$00000000) refers (Special) to rtexit2.o(.ARM.Collect$$rtexit$$00000004) for __rt_exit_exit
    rtexit.o(.ARM.Collect$$rtexit$$00000000) refers (Special) to rtexit2.o(.ARM.Collect$$rtexit$$00000003) for __rt_exit_ls
    rtexit.o(.ARM.Collect$$rtexit$$00000000) refers (Special) to rtexit2.o(.ARM.Collect$$rtexit$$00000002) for __rt_exit_prels_1
    rtexit.o(.ARM.exidx) refers (Special) to rtexit2.o(.ARM.Collect$$rtexit$$00000004) for __rt_exit_exit
    rtexit.o(.ARM.exidx) refers (Special) to rtexit2.o(.ARM.Collect$$rtexit$$00000003) for __rt_exit_ls
    rtexit.o(.ARM.exidx) refers (Special) to rtexit2.o(.ARM.Collect$$rtexit$$00000002) for __rt_exit_prels_1
    rtexit.o(.ARM.exidx) refers to rtexit.o(.ARM.Collect$$rtexit$$00000000) for .ARM.Collect$$rtexit$$00000000
    libinit2.o(.ARM.Collect$$libinit$$00000010) refers to libinit2.o(.ARM.Collect$$libinit$$0000000F) for .ARM.Collect$$libinit$$0000000F
    libinit2.o(.ARM.Collect$$libinit$$00000012) refers to libinit2.o(.ARM.Collect$$libinit$$0000000F) for .ARM.Collect$$libinit$$0000000F
    libinit2.o(.ARM.Collect$$libinit$$00000014) refers to libinit2.o(.ARM.Collect$$libinit$$0000000F) for .ARM.Collect$$libinit$$0000000F
    libinit2.o(.ARM.Collect$$libinit$$00000016) refers to libinit2.o(.ARM.Collect$$libinit$$0000000F) for .ARM.Collect$$libinit$$0000000F
    libinit2.o(.ARM.Collect$$libinit$$00000018) refers to libinit2.o(.ARM.Collect$$libinit$$0000000F) for .ARM.Collect$$libinit$$0000000F
    libinit2.o(.ARM.Collect$$libinit$$00000026) refers to argv_veneer.o(.text) for __ARM_argv_veneer
    libinit2.o(.ARM.Collect$$libinit$$00000027) refers to argv_veneer.o(.text) for __ARM_argv_veneer
    rtexit2.o(.ARM.Collect$$rtexit$$00000003) refers to libshutdown.o(.ARM.Collect$$libshutdown$$00000000) for __rt_lib_shutdown
    rtexit2.o(.ARM.Collect$$rtexit$$00000004) refers to sys_exit.o(.text) for _sys_exit
    rtexit2.o(.ARM.exidx) refers to rtexit2.o(.ARM.Collect$$rtexit$$00000001) for .ARM.Collect$$rtexit$$00000001
    rtexit2.o(.ARM.exidx) refers to rtexit2.o(.ARM.Collect$$rtexit$$00000003) for .ARM.Collect$$rtexit$$00000003
    rtexit2.o(.ARM.exidx) refers to rtexit2.o(.ARM.Collect$$rtexit$$00000004) for .ARM.Collect$$rtexit$$00000004
    sys_exit.o(.text) refers (Special) to use_no_semi.o(.text) for __I$use$semihosting
    sys_exit.o(.text) refers (Special) to indicate_semi.o(.text) for __semihosting_library_function
    _get_argv_nomalloc.o(.text) refers (Special) to hrguard.o(.text) for __heap_region$guard
    _get_argv_nomalloc.o(.text) refers to defsig_rtmem_outer.o(.text) for __rt_SIGRTMEM
    _get_argv_nomalloc.o(.text) refers to sys_command.o(.text) for _sys_command_string
    libshutdown.o(.ARM.Collect$$libshutdown$$00000000) refers (Special) to libshutdown2.o(.ARM.Collect$$libshutdown$$00000002) for __rt_lib_shutdown_cpp_1
    libshutdown.o(.ARM.Collect$$libshutdown$$00000000) refers (Special) to libshutdown2.o(.ARM.Collect$$libshutdown$$00000007) for __rt_lib_shutdown_fp_trap_1
    libshutdown.o(.ARM.Collect$$libshutdown$$00000000) refers (Special) to libshutdown2.o(.ARM.Collect$$libshutdown$$0000000F) for __rt_lib_shutdown_heap_1
    libshutdown.o(.ARM.Collect$$libshutdown$$00000000) refers (Special) to libshutdown2.o(.ARM.Collect$$libshutdown$$00000010) for __rt_lib_shutdown_return
    libshutdown.o(.ARM.Collect$$libshutdown$$00000000) refers (Special) to libshutdown2.o(.ARM.Collect$$libshutdown$$0000000A) for __rt_lib_shutdown_signal_1
    libshutdown.o(.ARM.Collect$$libshutdown$$00000000) refers (Special) to libshutdown2.o(.ARM.Collect$$libshutdown$$00000004) for __rt_lib_shutdown_stdio_1
    libshutdown.o(.ARM.Collect$$libshutdown$$00000000) refers (Special) to libshutdown2.o(.ARM.Collect$$libshutdown$$0000000C) for __rt_lib_shutdown_user_alloc_1
    sys_command.o(.text) refers (Special) to use_no_semi.o(.text) for __I$use$semihosting
    sys_command.o(.text) refers (Special) to indicate_semi.o(.text) for __semihosting_library_function
    defsig_rtmem_outer.o(.text) refers to defsig_rtmem_inner.o(.text) for __rt_SIGRTMEM_inner
    defsig_rtmem_outer.o(.text) refers to defsig_exit.o(.text) for __sig_exit
    defsig_rtmem_formal.o(.text) refers to rt_raise.o(.text) for __rt_raise
    rt_raise.o(.text) refers to __raise.o(.text) for __raise
    rt_raise.o(.text) refers to sys_exit.o(.text) for _sys_exit
    defsig_exit.o(.text) refers to sys_exit.o(.text) for _sys_exit
    defsig_rtmem_inner.o(.text) refers to defsig_general.o(.text) for __default_signal_display
    __raise.o(.text) refers to defsig.o(CL$$defsig) for __default_signal_handler
    defsig_general.o(.text) refers to sys_wrch.o(.text) for _ttywrch
    sys_wrch.o(.text) refers (Special) to use_no_semi.o(.text) for __I$use$semihosting
    sys_wrch.o(.text) refers (Special) to indicate_semi.o(.text) for __semihosting_library_function
    defsig.o(CL$$defsig) refers to defsig_rtmem_inner.o(.text) for __rt_SIGRTMEM_inner
    defsig_abrt_inner.o(.text) refers to defsig_general.o(.text) for __default_signal_display
    defsig_fpe_inner.o(.text) refers to defsig_general.o(.text) for __default_signal_display
    defsig_rtred_inner.o(.text) refers to defsig_general.o(.text) for __default_signal_display
    defsig_stak_inner.o(.text) refers to defsig_general.o(.text) for __default_signal_display
    defsig_pvfn_inner.o(.text) refers to defsig_general.o(.text) for __default_signal_display
    defsig_cppl_inner.o(.text) refers to defsig_general.o(.text) for __default_signal_display
    defsig_segv_inner.o(.text) refers to defsig_general.o(.text) for __default_signal_display
    defsig_other.o(.text) refers to defsig_general.o(.text) for __default_signal_display


==============================================================================

Removing Unused input sections from the image.

    Removing debug.o(.rev16_text), (4 bytes).
    Removing debug.o(.revsh_text), (4 bytes).
    Removing debug.o(i.debug_puthex), (76 bytes).
    Removing gpio.o(.rev16_text), (4 bytes).
    Removing gpio.o(.revsh_text), (4 bytes).
    Removing gpio.o(i.gpio_read), (152 bytes).
    Removing gpio.o(i.gpio_write), (124 bytes).
    Removing main.o(.rev16_text), (4 bytes).
    Removing main.o(.revsh_text), (4 bytes).
    Removing udc.o(.rev16_text), (4 bytes).
    Removing udc.o(.revsh_text), (4 bytes).
    Removing udc.o(i.udc_attach), (20 bytes).
    Removing udc.o(i.udc_detach), (20 bytes).
    Removing udc.o(i.udc_linestate), (12 bytes).
    Removing system_samd21.o(.rev16_text), (4 bytes).
    Removing system_samd21.o(.revsh_text), (4 bytes).
    Removing system_samd21.o(i.SystemCoreClockUpdate), (16 bytes).

17 unused section(s) (total 460 bytes) removed from the image.

==============================================================================

Image Symbol Table

    Local Symbols

    Symbol Name                              Value     Ov Type        Size  Object(Section)

    RESET                                    0x00000000   Section      180  startup_samd21_1.o(RESET)
    ../clib/angel/boardlib.s                 0x00000000   Number         0  boardinit3.o ABSOLUTE
    ../clib/angel/boardlib.s                 0x00000000   Number         0  boardshut.o ABSOLUTE
    ../clib/angel/boardlib.s                 0x00000000   Number         0  boardinit2.o ABSOLUTE
    ../clib/angel/boardlib.s                 0x00000000   Number         0  boardinit1.o ABSOLUTE
    ../clib/angel/handlers.s                 0x00000000   Number         0  __scatter_zi.o ABSOLUTE
    ../clib/angel/handlers.s                 0x00000000   Number         0  __scatter_copy.o ABSOLUTE
    ../clib/angel/kernel.s                   0x00000000   Number         0  __rtentry2.o ABSOLUTE
    ../clib/angel/kernel.s                   0x00000000   Number         0  rtexit2.o ABSOLUTE
    ../clib/angel/kernel.s                   0x00000000   Number         0  __rtentry.o ABSOLUTE
    ../clib/angel/kernel.s                   0x00000000   Number         0  rtexit.o ABSOLUTE
    ../clib/angel/kernel.s                   0x00000000   Number         0  __rtentry4.o ABSOLUTE
    ../clib/angel/rt.s                       0x00000000   Number         0  rt_raise.o ABSOLUTE
    ../clib/angel/scatterp.s                 0x00000000   Number         0  __scatter.o ABSOLUTE
    ../clib/angel/startup.s                  0x00000000   Number         0  __main.o ABSOLUTE
    ../clib/angel/sys.s                      0x00000000   Number         0  use_no_semi.o ABSOLUTE
    ../clib/angel/sys.s                      0x00000000   Number         0  indicate_semi.o ABSOLUTE
    ../clib/angel/sys.s                      0x00000000   Number         0  sys_stackheap_outer.o ABSOLUTE
    ../clib/angel/sys.s                      0x00000000   Number         0  libspace.o ABSOLUTE
    ../clib/angel/sys.s                      0x00000000   Number         0  tempstk.o ABSOLUTE
    ../clib/angel/sysapp.c                   0x00000000   Number         0  sys_command.o ABSOLUTE
    ../clib/angel/sysapp.c                   0x00000000   Number         0  sys_wrch.o ABSOLUTE
    ../clib/angel/sysapp.c                   0x00000000   Number         0  sys_exit.o ABSOLUTE
    ../clib/armsys.c                         0x00000000   Number         0  argv_veneer.o ABSOLUTE
    ../clib/armsys.c                         0x00000000   Number         0  _get_argv_nomalloc.o ABSOLUTE
    ../clib/armsys.c                         0x00000000   Number         0  no_argv.o ABSOLUTE
    ../clib/heapalloc.c                      0x00000000   Number         0  hrguard.o ABSOLUTE
    ../clib/heapaux.c                        0x00000000   Number         0  heapauxi.o ABSOLUTE
    ../clib/libinit.s                        0x00000000   Number         0  libinit.o ABSOLUTE
    ../clib/libinit.s                        0x00000000   Number         0  libinit2.o ABSOLUTE
    ../clib/libinit.s                        0x00000000   Number         0  libshutdown.o ABSOLUTE
    ../clib/libinit.s                        0x00000000   Number         0  libshutdown2.o ABSOLUTE
    ../clib/memcpset.c                       0x00000000   Number         0  rt_memclr.o ABSOLUTE
    ../clib/memcpset.c                       0x00000000   Number         0  rt_memcpy.o ABSOLUTE
    ../clib/memcpset.c                       0x00000000   Number         0  rt_memcpy.o ABSOLUTE
    ../clib/signal.c                         0x00000000   Number         0  __raise.o ABSOLUTE
    ../clib/signal.c                         0x00000000   Number         0  defsig_rtmem_inner.o ABSOLUTE
    ../clib/signal.c                         0x00000000   Number         0  defsig_exit.o ABSOLUTE
    ../clib/signal.c                         0x00000000   Number         0  defsig_general.o ABSOLUTE
    ../clib/signal.c                         0x00000000   Number         0  defsig_rtmem_formal.o ABSOLUTE
    ../clib/signal.c                         0x00000000   Number         0  defsig_rtmem_outer.o ABSOLUTE
    ../clib/signal.c                         0x00000000   Number         0  defsig_other.o ABSOLUTE
    ../clib/signal.c                         0x00000000   Number         0  defsig_segv_inner.o ABSOLUTE
    ../clib/signal.c                         0x00000000   Number         0  defsig_cppl_inner.o ABSOLUTE
    ../clib/signal.c                         0x00000000   Number         0  defsig_pvfn_inner.o ABSOLUTE
    ../clib/signal.c                         0x00000000   Number         0  defsig_stak_inner.o ABSOLUTE
    ../clib/signal.c                         0x00000000   Number         0  defsig_rtred_inner.o ABSOLUTE
    ../clib/signal.c                         0x00000000   Number         0  defsig_fpe_inner.o ABSOLUTE
    ../clib/signal.c                         0x00000000   Number         0  defsig_abrt_inner.o ABSOLUTE
    ../clib/signal.s                         0x00000000   Number         0  defsig.o ABSOLUTE
    ../clib/stdlib.c                         0x00000000   Number         0  exit.o ABSOLUTE
    ../clib/string.c                         0x00000000   Number         0  strlen.o ABSOLUTE
    ../fplib/cfplib/fpinit.c                 0x00000000   Number         0  fpinit.o ABSOLUTE
    RTE\Device\ATSAMD21G18A\startup_SAMD21.s 0x00000000   Number         0  startup_samd21_1.o ABSOLUTE
    RTE\Device\ATSAMD21G18A\system_samd21.c  0x00000000   Number         0  system_samd21.o ABSOLUTE
    RTE\\Device\\ATSAMD21G18A\\system_samd21.c 0x00000000   Number         0  system_samd21.o ABSOLUTE
    dc.s                                     0x00000000   Number         0  dc.o ABSOLUTE
    debug.c                                  0x00000000   Number         0  debug.o ABSOLUTE
    debug.c                                  0x00000000   Number         0  debug.o ABSOLUTE
    gpio.c                                   0x00000000   Number         0  gpio.o ABSOLUTE
    gpio.c                                   0x00000000   Number         0  gpio.o ABSOLUTE
    main.c                                   0x00000000   Number         0  main.o ABSOLUTE
    main.c                                   0x00000000   Number         0  main.o ABSOLUTE
    startup_samd21.c                         0x00000000   Number         0  startup_samd21.o ABSOLUTE
    udc.c                                    0x00000000   Number         0  udc.o ABSOLUTE
    udc.c                                    0x00000000   Number         0  udc.o ABSOLUTE
    usb.c                                    0x00000000   Number         0  usb.o ABSOLUTE
    usb_descriptors.c                        0x00000000   Number         0  usb_descriptors.o ABSOLUTE
    !!!main                                  0x000000b4   Section        8  __main.o(!!!main)
    !!!scatter                               0x000000bc   Section       60  __scatter.o(!!!scatter)
    !!handler_copy                           0x000000f8   Section       26  __scatter_copy.o(!!handler_copy)
    !!handler_zi                             0x00000114   Section       28  __scatter_zi.o(!!handler_zi)
    .ARM.Collect$$libinit$$00000000          0x00000130   Section        2  libinit.o(.ARM.Collect$$libinit$$00000000)
    .ARM.Collect$$libinit$$00000002          0x00000132   Section        0  libinit2.o(.ARM.Collect$$libinit$$00000002)
    .ARM.Collect$$libinit$$00000004          0x00000132   Section        0  libinit2.o(.ARM.Collect$$libinit$$00000004)
    .ARM.Collect$$libinit$$0000000A          0x00000132   Section        0  libinit2.o(.ARM.Collect$$libinit$$0000000A)
    .ARM.Collect$$libinit$$0000000C          0x00000132   Section        0  libinit2.o(.ARM.Collect$$libinit$$0000000C)
    .ARM.Collect$$libinit$$0000000E          0x00000132   Section        0  libinit2.o(.ARM.Collect$$libinit$$0000000E)
    .ARM.Collect$$libinit$$00000011          0x00000132   Section        0  libinit2.o(.ARM.Collect$$libinit$$00000011)
    .ARM.Collect$$libinit$$00000013          0x00000132   Section        0  libinit2.o(.ARM.Collect$$libinit$$00000013)
    .ARM.Collect$$libinit$$00000015          0x00000132   Section        0  libinit2.o(.ARM.Collect$$libinit$$00000015)
    .ARM.Collect$$libinit$$00000017          0x00000132   Section        0  libinit2.o(.ARM.Collect$$libinit$$00000017)
    .ARM.Collect$$libinit$$00000019          0x00000132   Section        0  libinit2.o(.ARM.Collect$$libinit$$00000019)
    .ARM.Collect$$libinit$$0000001B          0x00000132   Section        0  libinit2.o(.ARM.Collect$$libinit$$0000001B)
    .ARM.Collect$$libinit$$0000001D          0x00000132   Section        0  libinit2.o(.ARM.Collect$$libinit$$0000001D)
    .ARM.Collect$$libinit$$0000001F          0x00000132   Section        0  libinit2.o(.ARM.Collect$$libinit$$0000001F)
    .ARM.Collect$$libinit$$00000021          0x00000132   Section        0  libinit2.o(.ARM.Collect$$libinit$$00000021)
    .ARM.Collect$$libinit$$00000023          0x00000132   Section        0  libinit2.o(.ARM.Collect$$libinit$$00000023)
    .ARM.Collect$$libinit$$00000025          0x00000132   Section        0  libinit2.o(.ARM.Collect$$libinit$$00000025)
    .ARM.Collect$$libinit$$0000002C          0x00000132   Section        0  libinit2.o(.ARM.Collect$$libinit$$0000002C)
    .ARM.Collect$$libinit$$0000002E          0x00000132   Section        0  libinit2.o(.ARM.Collect$$libinit$$0000002E)
    .ARM.Collect$$libinit$$00000030          0x00000132   Section        0  libinit2.o(.ARM.Collect$$libinit$$00000030)
    .ARM.Collect$$libinit$$00000032          0x00000132   Section        0  libinit2.o(.ARM.Collect$$libinit$$00000032)
    .ARM.Collect$$libinit$$00000033          0x00000132   Section        2  libinit2.o(.ARM.Collect$$libinit$$00000033)
    .ARM.Collect$$libshutdown$$00000000      0x00000134   Section        2  libshutdown.o(.ARM.Collect$$libshutdown$$00000000)
    .ARM.Collect$$libshutdown$$00000002      0x00000136   Section        0  libshutdown2.o(.ARM.Collect$$libshutdown$$00000002)
    .ARM.Collect$$libshutdown$$00000004      0x00000136   Section        0  libshutdown2.o(.ARM.Collect$$libshutdown$$00000004)
    .ARM.Collect$$libshutdown$$00000007      0x00000136   Section        0  libshutdown2.o(.ARM.Collect$$libshutdown$$00000007)
    .ARM.Collect$$libshutdown$$0000000A      0x00000136   Section        0  libshutdown2.o(.ARM.Collect$$libshutdown$$0000000A)
    .ARM.Collect$$libshutdown$$0000000C      0x00000136   Section        0  libshutdown2.o(.ARM.Collect$$libshutdown$$0000000C)
    .ARM.Collect$$libshutdown$$0000000F      0x00000136   Section        0  libshutdown2.o(.ARM.Collect$$libshutdown$$0000000F)
    .ARM.Collect$$libshutdown$$00000010      0x00000136   Section        2  libshutdown2.o(.ARM.Collect$$libshutdown$$00000010)
    .ARM.Collect$$rtentry$$00000000          0x00000138   Section        0  __rtentry.o(.ARM.Collect$$rtentry$$00000000)
    .ARM.Collect$$rtentry$$00000002          0x00000138   Section        0  __rtentry2.o(.ARM.Collect$$rtentry$$00000002)
    .ARM.Collect$$rtentry$$00000004          0x00000138   Section        6  __rtentry4.o(.ARM.Collect$$rtentry$$00000004)
    .ARM.Collect$$rtentry$$00000009          0x0000013e   Section        0  __rtentry2.o(.ARM.Collect$$rtentry$$00000009)
    .ARM.Collect$$rtentry$$0000000A          0x0000013e   Section        4  __rtentry2.o(.ARM.Collect$$rtentry$$0000000A)
    .ARM.Collect$$rtentry$$0000000C          0x00000142   Section        0  __rtentry2.o(.ARM.Collect$$rtentry$$0000000C)
    .ARM.Collect$$rtentry$$0000000D          0x00000142   Section        8  __rtentry2.o(.ARM.Collect$$rtentry$$0000000D)
    .ARM.Collect$$rtexit$$00000000           0x0000014a   Section        2  rtexit.o(.ARM.Collect$$rtexit$$00000000)
    .ARM.Collect$$rtexit$$00000002           0x0000014c   Section        0  rtexit2.o(.ARM.Collect$$rtexit$$00000002)
    .ARM.Collect$$rtexit$$00000003           0x0000014c   Section        4  rtexit2.o(.ARM.Collect$$rtexit$$00000003)
    .ARM.Collect$$rtexit$$00000004           0x00000150   Section        6  rtexit2.o(.ARM.Collect$$rtexit$$00000004)
    .emb_text                                0x00000158   Section       56  rt_memcpy.o(.emb_text)
    .text                                    0x00000190   Section       52  startup_samd21_1.o(.text)
    .text                                    0x000001c4   Section        0  strlen.o(.text)
    .text                                    0x00000208   Section        0  rt_memcpy.o(.text)
    .text                                    0x0000028a   Section        0  rt_memclr.o(.text)
    .text                                    0x000002ca   Section        0  heapauxi.o(.text)
    .text                                    0x000002d0   Section       62  sys_stackheap_outer.o(.text)
    .text                                    0x0000030e   Section        0  exit.o(.text)
    .text                                    0x00000320   Section        8  libspace.o(.text)
    .text                                    0x00000328   Section        0  sys_exit.o(.text)
    .text                                    0x00000334   Section        2  use_no_semi.o(.text)
    .text                                    0x00000336   Section        0  indicate_semi.o(.text)
    i.HAL_GPIO_0_in                          0x00000338   Section        0  gpio.o(i.HAL_GPIO_0_in)
    HAL_GPIO_0_in                            0x00000339   Thumb Code    24  gpio.o(i.HAL_GPIO_0_in)
    i.HAL_GPIO_0_pullen                      0x00000354   Section        0  gpio.o(i.HAL_GPIO_0_pullen)
    HAL_GPIO_0_pullen                        0x00000355   Thumb Code    32  gpio.o(i.HAL_GPIO_0_pullen)
    i.HAL_GPIO_0_write                       0x00000378   Section        0  gpio.o(i.HAL_GPIO_0_write)
    HAL_GPIO_0_write                         0x00000379   Thumb Code    20  gpio.o(i.HAL_GPIO_0_write)
    i.HAL_GPIO_1_in                          0x00000390   Section        0  gpio.o(i.HAL_GPIO_1_in)
    HAL_GPIO_1_in                            0x00000391   Thumb Code    24  gpio.o(i.HAL_GPIO_1_in)
    i.HAL_GPIO_1_pullen                      0x000003ac   Section        0  gpio.o(i.HAL_GPIO_1_pullen)
    HAL_GPIO_1_pullen                        0x000003ad   Thumb Code    32  gpio.o(i.HAL_GPIO_1_pullen)
    i.HAL_GPIO_1_write                       0x000003d0   Section        0  gpio.o(i.HAL_GPIO_1_write)
    HAL_GPIO_1_write                         0x000003d1   Thumb Code    20  gpio.o(i.HAL_GPIO_1_write)
    i.HAL_GPIO_2_in                          0x000003e8   Section        0  gpio.o(i.HAL_GPIO_2_in)
    HAL_GPIO_2_in                            0x000003e9   Thumb Code    24  gpio.o(i.HAL_GPIO_2_in)
    i.HAL_GPIO_2_pullen                      0x00000404   Section        0  gpio.o(i.HAL_GPIO_2_pullen)
    HAL_GPIO_2_pullen                        0x00000405   Thumb Code    32  gpio.o(i.HAL_GPIO_2_pullen)
    i.HAL_GPIO_2_write                       0x00000428   Section        0  gpio.o(i.HAL_GPIO_2_write)
    HAL_GPIO_2_write                         0x00000429   Thumb Code    20  gpio.o(i.HAL_GPIO_2_write)
    i.HAL_GPIO_3_in                          0x00000440   Section        0  gpio.o(i.HAL_GPIO_3_in)
    HAL_GPIO_3_in                            0x00000441   Thumb Code    24  gpio.o(i.HAL_GPIO_3_in)
    i.HAL_GPIO_3_pullen                      0x0000045c   Section        0  gpio.o(i.HAL_GPIO_3_pullen)
    HAL_GPIO_3_pullen                        0x0000045d   Thumb Code    32  gpio.o(i.HAL_GPIO_3_pullen)
    i.HAL_GPIO_3_write                       0x00000480   Section        0  gpio.o(i.HAL_GPIO_3_write)
    HAL_GPIO_3_write                         0x00000481   Thumb Code    20  gpio.o(i.HAL_GPIO_3_write)
    i.HAL_GPIO_4_in                          0x00000498   Section        0  gpio.o(i.HAL_GPIO_4_in)
    HAL_GPIO_4_in                            0x00000499   Thumb Code    24  gpio.o(i.HAL_GPIO_4_in)
    i.HAL_GPIO_4_pullen                      0x000004b4   Section        0  gpio.o(i.HAL_GPIO_4_pullen)
    HAL_GPIO_4_pullen                        0x000004b5   Thumb Code    32  gpio.o(i.HAL_GPIO_4_pullen)
    i.HAL_GPIO_4_write                       0x000004d8   Section        0  gpio.o(i.HAL_GPIO_4_write)
    HAL_GPIO_4_write                         0x000004d9   Thumb Code    20  gpio.o(i.HAL_GPIO_4_write)
    i.HAL_GPIO_5_in                          0x000004f0   Section        0  gpio.o(i.HAL_GPIO_5_in)
    HAL_GPIO_5_in                            0x000004f1   Thumb Code    24  gpio.o(i.HAL_GPIO_5_in)
    i.HAL_GPIO_5_pullen                      0x0000050c   Section        0  gpio.o(i.HAL_GPIO_5_pullen)
    HAL_GPIO_5_pullen                        0x0000050d   Thumb Code    32  gpio.o(i.HAL_GPIO_5_pullen)
    i.HAL_GPIO_5_write                       0x00000530   Section        0  gpio.o(i.HAL_GPIO_5_write)
    HAL_GPIO_5_write                         0x00000531   Thumb Code    20  gpio.o(i.HAL_GPIO_5_write)
    i.HAL_GPIO_6_in                          0x00000548   Section        0  gpio.o(i.HAL_GPIO_6_in)
    HAL_GPIO_6_in                            0x00000549   Thumb Code    24  gpio.o(i.HAL_GPIO_6_in)
    i.HAL_GPIO_6_pullen                      0x00000564   Section        0  gpio.o(i.HAL_GPIO_6_pullen)
    HAL_GPIO_6_pullen                        0x00000565   Thumb Code    32  gpio.o(i.HAL_GPIO_6_pullen)
    i.HAL_GPIO_6_write                       0x00000588   Section        0  gpio.o(i.HAL_GPIO_6_write)
    HAL_GPIO_6_write                         0x00000589   Thumb Code    20  gpio.o(i.HAL_GPIO_6_write)
    i.HAL_GPIO_7_in                          0x000005a0   Section        0  gpio.o(i.HAL_GPIO_7_in)
    HAL_GPIO_7_in                            0x000005a1   Thumb Code    24  gpio.o(i.HAL_GPIO_7_in)
    i.HAL_GPIO_7_pullen                      0x000005bc   Section        0  gpio.o(i.HAL_GPIO_7_pullen)
    HAL_GPIO_7_pullen                        0x000005bd   Thumb Code    32  gpio.o(i.HAL_GPIO_7_pullen)
    i.HAL_GPIO_7_write                       0x000005e0   Section        0  gpio.o(i.HAL_GPIO_7_write)
    HAL_GPIO_7_write                         0x000005e1   Thumb Code    20  gpio.o(i.HAL_GPIO_7_write)
    i.SystemInit                             0x000005f8   Section        0  system_samd21.o(i.SystemInit)
    i.TC3_Handler                            0x00000608   Section        0  main.o(i.TC3_Handler)
    i.USB_Handler                            0x00000630   Section        0  udc.o(i.USB_Handler)
    i.debug_init                             0x000007f0   Section        0  debug.o(i.debug_init)
    i.debug_putc                             0x000008c0   Section        0  debug.o(i.debug_putc)
    i.debug_puts                             0x000008dc   Section        0  debug.o(i.debug_puts)
    i.gpio_config_fn_0                       0x000008f4   Section        0  gpio.o(i.gpio_config_fn_0)
    gpio_config_fn_0                         0x000008f5   Thumb Code   124  gpio.o(i.gpio_config_fn_0)
    i.gpio_config_fn_1                       0x00000978   Section        0  gpio.o(i.gpio_config_fn_1)
    gpio_config_fn_1                         0x00000979   Thumb Code   124  gpio.o(i.gpio_config_fn_1)
    i.gpio_config_fn_2                       0x000009fc   Section        0  gpio.o(i.gpio_config_fn_2)
    gpio_config_fn_2                         0x000009fd   Thumb Code   124  gpio.o(i.gpio_config_fn_2)
    i.gpio_config_fn_3                       0x00000a80   Section        0  gpio.o(i.gpio_config_fn_3)
    gpio_config_fn_3                         0x00000a81   Thumb Code   124  gpio.o(i.gpio_config_fn_3)
    i.gpio_config_fn_4                       0x00000b04   Section        0  gpio.o(i.gpio_config_fn_4)
    gpio_config_fn_4                         0x00000b05   Thumb Code   124  gpio.o(i.gpio_config_fn_4)
    i.gpio_config_fn_5                       0x00000b88   Section        0  gpio.o(i.gpio_config_fn_5)
    gpio_config_fn_5                         0x00000b89   Thumb Code   124  gpio.o(i.gpio_config_fn_5)
    i.gpio_config_fn_6                       0x00000c0c   Section        0  gpio.o(i.gpio_config_fn_6)
    gpio_config_fn_6                         0x00000c0d   Thumb Code   124  gpio.o(i.gpio_config_fn_6)
    i.gpio_config_fn_7                       0x00000c90   Section        0  gpio.o(i.gpio_config_fn_7)
    gpio_config_fn_7                         0x00000c91   Thumb Code   124  gpio.o(i.gpio_config_fn_7)
    i.gpio_configure                         0x00000d14   Section        0  gpio.o(i.gpio_configure)
    i.gpio_init                              0x00000d7a   Section        0  gpio.o(i.gpio_init)
    i.main                                   0x00000d90   Section        0  main.o(i.main)
    i.sys_init                               0x00000df8   Section        0  main.o(i.sys_init)
    sys_init                                 0x00000df9   Thumb Code   138  main.o(i.sys_init)
    i.timer_init                             0x00000ea0   Section        0  main.o(i.timer_init)
    timer_init                               0x00000ea1   Thumb Code    76  main.o(i.timer_init)
    i.udc_configure_endpoint                 0x00000f08   Section        0  udc.o(i.udc_configure_endpoint)
    i.udc_control_send                       0x000010a4   Section        0  udc.o(i.udc_control_send)
    i.udc_control_send_zlp                   0x00001124   Section        0  udc.o(i.udc_control_send_zlp)
    i.udc_control_stall                      0x00001164   Section        0  udc.o(i.udc_control_stall)
    i.udc_endpoint_clear_feature             0x00001178   Section        0  udc.o(i.udc_endpoint_clear_feature)
    i.udc_endpoint_configured                0x00001248   Section        0  udc.o(i.udc_endpoint_configured)
    i.udc_endpoint_get_status                0x00001280   Section        0  udc.o(i.udc_endpoint_get_status)
    i.udc_endpoint_set_feature               0x000012a8   Section        0  udc.o(i.udc_endpoint_set_feature)
    i.udc_init                               0x000012e4   Section        0  udc.o(i.udc_init)
    i.udc_recv                               0x00001474   Section        0  udc.o(i.udc_recv)
    i.udc_recv_callback                      0x000014d0   Section        0  usb.o(i.udc_recv_callback)
    i.udc_reset_endpoint                     0x000014ec   Section        0  udc.o(i.udc_reset_endpoint)
    i.udc_send                               0x0000151c   Section        0  udc.o(i.udc_send)
    i.udc_send_callback                      0x00001574   Section        0  usb.o(i.udc_send_callback)
    i.udc_set_address                        0x00001594   Section        0  udc.o(i.udc_set_address)
    i.usb_configuration_callback             0x000015a8   Section        0  main.o(i.usb_configuration_callback)
    i.usb_handle_standard_request            0x000015c4   Section        0  usb.o(i.usb_handle_standard_request)
    i.usb_init                               0x00001944   Section        0  usb.o(i.usb_init)
    i.usb_recv                               0x00001958   Section        0  usb.o(i.usb_recv)
    i.usb_recv_callback                      0x00001978   Section        0  main.o(i.usb_recv_callback)
    i.usb_send                               0x000019b0   Section        0  usb.o(i.usb_send)
    i.usb_send_callback                      0x000019d4   Section        0  main.o(i.usb_send_callback)
    .conststring                             0x000019d8   Section       73  usb_descriptors.o(.conststring)
    .data                                    0x20000000   Section       12  usb.o(.data)
    usb_config                               0x20000008   Data           4  usb.o(.data)
    .data                                    0x2000000c   Section      152  usb_descriptors.o(.data)
    .data                                    0x200000a4   Section        4  system_samd21.o(.data)
    .bss                                     0x200000a8   Section       32  gpio.o(.bss)
    gpio_config                              0x200000a8   Data          32  gpio.o(.bss)
    .bss                                     0x200000c8   Section      128  main.o(.bss)
    app_usb_recv_buffer                      0x200000c8   Data          64  main.o(.bss)
    app_response_buffer                      0x20000108   Data          64  main.o(.bss)
    .bss                                     0x20000148   Section      384  udc.o(.bss)
    udc_ctrl_in_buf                          0x20000248   Data          64  udc.o(.bss)
    udc_ctrl_out_buf                         0x20000288   Data          64  udc.o(.bss)
    .bss                                     0x200002c8   Section       64  usb.o(.bss)
    usb_endpoints                            0x200002c8   Data          64  usb.o(.bss)
    .bss                                     0x20000308   Section       64  usb_descriptors.o(.bss)
    .bss                                     0x20000348   Section       96  libspace.o(.bss)
    HEAP                                     0x200003a8   Section        0  startup_samd21_1.o(HEAP)
    STACK                                    0x200003a8   Section      512  startup_samd21_1.o(STACK)
    Heap_Mem                                 0x200003a8   Data           0  startup_samd21_1.o(HEAP)
    Stack_Mem                                0x200003a8   Data         512  startup_samd21_1.o(STACK)
    __initial_sp                             0x200005a8   Data           0  startup_samd21_1.o(STACK)

    Global Symbols

    Symbol Name                              Value     Ov Type        Size  Object(Section)

    BuildAttributes$$THM_ISAv3M$S$PE$A:L22$X:L11$S22$IEEE1$IW$USESV6$~STKCKD$USESV7$~SHL$OSPACE$ROPI$EBA8$UX$STANDARDLIB$REQ8$PRES8$EABIv2 0x00000000   Number         0  anon$$obj.o ABSOLUTE
    __ARM_use_no_argv                        0x00000000   Number         0  main.o ABSOLUTE
    __Vectors                                0x00000000   Data           4  startup_samd21_1.o(RESET)
    __ARM_exceptions_init                     - Undefined Weak Reference
    __alloca_initialize                       - Undefined Weak Reference
    __arm_preinit_                            - Undefined Weak Reference
    __cpp_initialize__aeabi_                  - Undefined Weak Reference
    __cxa_finalize                            - Undefined Weak Reference
    __rt_locale                               - Undefined Weak Reference
    __sigvec_lookup                           - Undefined Weak Reference
    _atexit_init                              - Undefined Weak Reference
    _call_atexit_fns                          - Undefined Weak Reference
    _clock_init                               - Undefined Weak Reference
    _fp_trap_init                             - Undefined Weak Reference
    _fp_trap_shutdown                         - Undefined Weak Reference
    _get_lc_collate                           - Undefined Weak Reference
    _get_lc_ctype                             - Undefined Weak Reference
    _get_lc_monetary                          - Undefined Weak Reference
    _get_lc_numeric                           - Undefined Weak Reference
    _get_lc_time                              - Undefined Weak Reference
    _getenv_init                              - Undefined Weak Reference
    _handle_redirection                       - Undefined Weak Reference
    _init_alloc                               - Undefined Weak Reference
    _init_user_alloc                          - Undefined Weak Reference
    _initio                                   - Undefined Weak Reference
    _rand_init                                - Undefined Weak Reference
    _signal_finish                            - Undefined Weak Reference
    _signal_init                              - Undefined Weak Reference
    _terminate_alloc                          - Undefined Weak Reference
    _terminate_user_alloc                     - Undefined Weak Reference
    _terminateio                              - Undefined Weak Reference
    __Vectors_End                            0x000000b4   Data           0  startup_samd21_1.o(RESET)
    __Vectors_Size                           0x000000b4   Number         0  startup_samd21_1.o ABSOLUTE
    __main                                   0x000000b5   Thumb Code     8  __main.o(!!!main)
    __scatterload                            0x000000bd   Thumb Code     0  __scatter.o(!!!scatter)
    __scatterload_rt2                        0x000000bd   Thumb Code    52  __scatter.o(!!!scatter)
    __scatterload_rt2_thumb_only             0x000000bd   Thumb Code     0  __scatter.o(!!!scatter)
    __scatterload_null                       0x000000cd   Thumb Code     0  __scatter.o(!!!scatter)
    __scatterload_copy                       0x000000f9   Thumb Code    26  __scatter_copy.o(!!handler_copy)
    __scatterload_zeroinit                   0x00000115   Thumb Code    28  __scatter_zi.o(!!handler_zi)
    __rt_lib_init                            0x00000131   Thumb Code     0  libinit.o(.ARM.Collect$$libinit$$00000000)
    __rt_lib_init_alloca_1                   0x00000133   Thumb Code     0  libinit2.o(.ARM.Collect$$libinit$$0000002E)
    __rt_lib_init_argv_1                     0x00000133   Thumb Code     0  libinit2.o(.ARM.Collect$$libinit$$0000002C)
    __rt_lib_init_atexit_1                   0x00000133   Thumb Code     0  libinit2.o(.ARM.Collect$$libinit$$0000001B)
    __rt_lib_init_clock_1                    0x00000133   Thumb Code     0  libinit2.o(.ARM.Collect$$libinit$$00000021)
    __rt_lib_init_cpp_1                      0x00000133   Thumb Code     0  libinit2.o(.ARM.Collect$$libinit$$00000032)
    __rt_lib_init_exceptions_1               0x00000133   Thumb Code     0  libinit2.o(.ARM.Collect$$libinit$$00000030)
    __rt_lib_init_fp_1                       0x00000133   Thumb Code     0  libinit2.o(.ARM.Collect$$libinit$$00000002)
    __rt_lib_init_fp_trap_1                  0x00000133   Thumb Code     0  libinit2.o(.ARM.Collect$$libinit$$0000001F)
    __rt_lib_init_getenv_1                   0x00000133   Thumb Code     0  libinit2.o(.ARM.Collect$$libinit$$00000023)
    __rt_lib_init_heap_1                     0x00000133   Thumb Code     0  libinit2.o(.ARM.Collect$$libinit$$0000000A)
    __rt_lib_init_lc_collate_1               0x00000133   Thumb Code     0  libinit2.o(.ARM.Collect$$libinit$$00000011)
    __rt_lib_init_lc_ctype_1                 0x00000133   Thumb Code     0  libinit2.o(.ARM.Collect$$libinit$$00000013)
    __rt_lib_init_lc_monetary_1              0x00000133   Thumb Code     0  libinit2.o(.ARM.Collect$$libinit$$00000015)
    __rt_lib_init_lc_numeric_1               0x00000133   Thumb Code     0  libinit2.o(.ARM.Collect$$libinit$$00000017)
    __rt_lib_init_lc_time_1                  0x00000133   Thumb Code     0  libinit2.o(.ARM.Collect$$libinit$$00000019)
    __rt_lib_init_preinit_1                  0x00000133   Thumb Code     0  libinit2.o(.ARM.Collect$$libinit$$00000004)
    __rt_lib_init_rand_1                     0x00000133   Thumb Code     0  libinit2.o(.ARM.Collect$$libinit$$0000000E)
    __rt_lib_init_return                     0x00000133   Thumb Code     0  libinit2.o(.ARM.Collect$$libinit$$00000033)
    __rt_lib_init_signal_1                   0x00000133   Thumb Code     0  libinit2.o(.ARM.Collect$$libinit$$0000001D)
    __rt_lib_init_stdio_1                    0x00000133   Thumb Code     0  libinit2.o(.ARM.Collect$$libinit$$00000025)
    __rt_lib_init_user_alloc_1               0x00000133   Thumb Code     0  libinit2.o(.ARM.Collect$$libinit$$0000000C)
    __rt_lib_shutdown                        0x00000135   Thumb Code     0  libshutdown.o(.ARM.Collect$$libshutdown$$00000000)
    __rt_lib_shutdown_cpp_1                  0x00000137   Thumb Code     0  libshutdown2.o(.ARM.Collect$$libshutdown$$00000002)
    __rt_lib_shutdown_fp_trap_1              0x00000137   Thumb Code     0  libshutdown2.o(.ARM.Collect$$libshutdown$$00000007)
    __rt_lib_shutdown_heap_1                 0x00000137   Thumb Code     0  libshutdown2.o(.ARM.Collect$$libshutdown$$0000000F)
    __rt_lib_shutdown_return                 0x00000137   Thumb Code     0  libshutdown2.o(.ARM.Collect$$libshutdown$$00000010)
    __rt_lib_shutdown_signal_1               0x00000137   Thumb Code     0  libshutdown2.o(.ARM.Collect$$libshutdown$$0000000A)
    __rt_lib_shutdown_stdio_1                0x00000137   Thumb Code     0  libshutdown2.o(.ARM.Collect$$libshutdown$$00000004)
    __rt_lib_shutdown_user_alloc_1           0x00000137   Thumb Code     0  libshutdown2.o(.ARM.Collect$$libshutdown$$0000000C)
    __rt_entry                               0x00000139   Thumb Code     0  __rtentry.o(.ARM.Collect$$rtentry$$00000000)
    __rt_entry_presh_1                       0x00000139   Thumb Code     0  __rtentry2.o(.ARM.Collect$$rtentry$$00000002)
    __rt_entry_sh                            0x00000139   Thumb Code     0  __rtentry4.o(.ARM.Collect$$rtentry$$00000004)
    __rt_entry_li                            0x0000013f   Thumb Code     0  __rtentry2.o(.ARM.Collect$$rtentry$$0000000A)
    __rt_entry_postsh_1                      0x0000013f   Thumb Code     0  __rtentry2.o(.ARM.Collect$$rtentry$$00000009)
    __rt_entry_main                          0x00000143   Thumb Code     0  __rtentry2.o(.ARM.Collect$$rtentry$$0000000D)
    __rt_entry_postli_1                      0x00000143   Thumb Code     0  __rtentry2.o(.ARM.Collect$$rtentry$$0000000C)
    __rt_exit                                0x0000014b   Thumb Code     0  rtexit.o(.ARM.Collect$$rtexit$$00000000)
    __rt_exit_ls                             0x0000014d   Thumb Code     0  rtexit2.o(.ARM.Collect$$rtexit$$00000003)
    __rt_exit_prels_1                        0x0000014d   Thumb Code     0  rtexit2.o(.ARM.Collect$$rtexit$$00000002)
    __rt_exit_exit                           0x00000151   Thumb Code     0  rtexit2.o(.ARM.Collect$$rtexit$$00000004)
    __aeabi_memcpy4                          0x00000159   Thumb Code    56  rt_memcpy.o(.emb_text)
    __aeabi_memcpy8                          0x00000159   Thumb Code     0  rt_memcpy.o(.emb_text)
    Reset_Handler                            0x00000191   Thumb Code     8  startup_samd21_1.o(.text)
    NMI_Handler                              0x00000199   Thumb Code     2  startup_samd21_1.o(.text)
    HardFault_Handler                        0x0000019b   Thumb Code     2  startup_samd21_1.o(.text)
    SVC_Handler                              0x0000019d   Thumb Code     2  startup_samd21_1.o(.text)
    PendSV_Handler                           0x0000019f   Thumb Code     2  startup_samd21_1.o(.text)
    SysTick_Handler                          0x000001a1   Thumb Code     2  startup_samd21_1.o(.text)
    AC1_Handler                              0x000001a3   Thumb Code     0  startup_samd21_1.o(.text)
    AC_Handler                               0x000001a3   Thumb Code     0  startup_samd21_1.o(.text)
    ADC_Handler                              0x000001a3   Thumb Code     0  startup_samd21_1.o(.text)
    DAC_Handler                              0x000001a3   Thumb Code     0  startup_samd21_1.o(.text)
    DMAC_Handler                             0x000001a3   Thumb Code     0  startup_samd21_1.o(.text)
    EIC_Handler                              0x000001a3   Thumb Code     0  startup_samd21_1.o(.text)
    EVSYS_Handler                            0x000001a3   Thumb Code     0  startup_samd21_1.o(.text)
    I2S_Handler                              0x000001a3   Thumb Code     0  startup_samd21_1.o(.text)
    NVMCTRL_Handler                          0x000001a3   Thumb Code     0  startup_samd21_1.o(.text)
    PM_Handler                               0x000001a3   Thumb Code     0  startup_samd21_1.o(.text)
    PTC_Handler                              0x000001a3   Thumb Code     0  startup_samd21_1.o(.text)
    RTC_Handler                              0x000001a3   Thumb Code     0  startup_samd21_1.o(.text)
    SERCOM0_Handler                          0x000001a3   Thumb Code     0  startup_samd21_1.o(.text)
    SERCOM1_Handler                          0x000001a3   Thumb Code     0  startup_samd21_1.o(.text)
    SERCOM2_Handler                          0x000001a3   Thumb Code     0  startup_samd21_1.o(.text)
    SERCOM3_Handler                          0x000001a3   Thumb Code     0  startup_samd21_1.o(.text)
    SERCOM4_Handler                          0x000001a3   Thumb Code     0  startup_samd21_1.o(.text)
    SERCOM5_Handler                          0x000001a3   Thumb Code     0  startup_samd21_1.o(.text)
    SYSCTRL_Handler                          0x000001a3   Thumb Code     0  startup_samd21_1.o(.text)
    TC4_Handler                              0x000001a3   Thumb Code     0  startup_samd21_1.o(.text)
    TC5_Handler                              0x000001a3   Thumb Code     0  startup_samd21_1.o(.text)
    TC6_Handler                              0x000001a3   Thumb Code     0  startup_samd21_1.o(.text)
    TC7_Handler                              0x000001a3   Thumb Code     0  startup_samd21_1.o(.text)
    TCC0_Handler                             0x000001a3   Thumb Code     0  startup_samd21_1.o(.text)
    TCC1_Handler                             0x000001a3   Thumb Code     0  startup_samd21_1.o(.text)
    TCC2_Handler                             0x000001a3   Thumb Code     0  startup_samd21_1.o(.text)
    WDT_Handler                              0x000001a3   Thumb Code     0  startup_samd21_1.o(.text)
    __user_initial_stackheap                 0x000001a5   Thumb Code     0  startup_samd21_1.o(.text)
    strlen                                   0x000001c5   Thumb Code    62  strlen.o(.text)
    __aeabi_memcpy                           0x00000209   Thumb Code   130  rt_memcpy.o(.text)
    __rt_memcpy                              0x00000209   Thumb Code     0  rt_memcpy.o(.text)
    _memset_w                                0x0000028b   Thumb Code    26  rt_memclr.o(.text)
    _memset                                  0x000002a5   Thumb Code    30  rt_memclr.o(.text)
    __aeabi_memclr                           0x000002c3   Thumb Code     4  rt_memclr.o(.text)
    __rt_memclr                              0x000002c3   Thumb Code     0  rt_memclr.o(.text)
    __aeabi_memclr4                          0x000002c7   Thumb Code     0  rt_memclr.o(.text)
    __aeabi_memclr8                          0x000002c7   Thumb Code     0  rt_memclr.o(.text)
    __rt_memclr_w                            0x000002c7   Thumb Code     4  rt_memclr.o(.text)
    __use_two_region_memory                  0x000002cb   Thumb Code     2  heapauxi.o(.text)
    __rt_heap_escrow$2region                 0x000002cd   Thumb Code     2  heapauxi.o(.text)
    __rt_heap_expand$2region                 0x000002cf   Thumb Code     2  heapauxi.o(.text)
    __user_setup_stackheap                   0x000002d1   Thumb Code    62  sys_stackheap_outer.o(.text)
    exit                                     0x0000030f   Thumb Code    16  exit.o(.text)
    __user_libspace                          0x00000321   Thumb Code     8  libspace.o(.text)
    __user_perproc_libspace                  0x00000321   Thumb Code     0  libspace.o(.text)
    __user_perthread_libspace                0x00000321   Thumb Code     0  libspace.o(.text)
    _sys_exit                                0x00000329   Thumb Code     8  sys_exit.o(.text)
    __I$use$semihosting                      0x00000335   Thumb Code     0  use_no_semi.o(.text)
    __use_no_semihosting_swi                 0x00000335   Thumb Code     2  use_no_semi.o(.text)
    __semihosting_library_function           0x00000337   Thumb Code     0  indicate_semi.o(.text)
    SystemInit                               0x000005f9   Thumb Code     8  system_samd21.o(i.SystemInit)
    TC3_Handler                              0x00000609   Thumb Code    30  main.o(i.TC3_Handler)
    USB_Handler                              0x00000631   Thumb Code   422  udc.o(i.USB_Handler)
    debug_init                               0x000007f1   Thumb Code   178  debug.o(i.debug_init)
    debug_putc                               0x000008c1   Thumb Code    22  debug.o(i.debug_putc)
    debug_puts                               0x000008dd   Thumb Code    22  debug.o(i.debug_puts)
    gpio_configure                           0x00000d15   Thumb Code   102  gpio.o(i.gpio_configure)
    gpio_init                                0x00000d7b   Thumb Code    22  gpio.o(i.gpio_init)
    main                                     0x00000d91   Thumb Code    78  main.o(i.main)
    udc_configure_endpoint                   0x00000f09   Thumb Code   398  udc.o(i.udc_configure_endpoint)
    udc_control_send                         0x000010a5   Thumb Code   108  udc.o(i.udc_control_send)
    udc_control_send_zlp                     0x00001125   Thumb Code    54  udc.o(i.udc_control_send_zlp)
    udc_control_stall                        0x00001165   Thumb Code    16  udc.o(i.udc_control_stall)
    udc_endpoint_clear_feature               0x00001179   Thumb Code   202  udc.o(i.udc_endpoint_clear_feature)
    udc_endpoint_configured                  0x00001249   Thumb Code    50  udc.o(i.udc_endpoint_configured)
    udc_endpoint_get_status                  0x00001281   Thumb Code    34  udc.o(i.udc_endpoint_get_status)
    udc_endpoint_set_feature                 0x000012a9   Thumb Code    54  udc.o(i.udc_endpoint_set_feature)
    udc_init                                 0x000012e5   Thumb Code   362  udc.o(i.udc_init)
    udc_recv                                 0x00001475   Thumb Code    78  udc.o(i.udc_recv)
    udc_recv_callback                        0x000014d1   Thumb Code    24  usb.o(i.udc_recv_callback)
    udc_reset_endpoint                       0x000014ed   Thumb Code    42  udc.o(i.udc_reset_endpoint)
    udc_send                                 0x0000151d   Thumb Code    76  udc.o(i.udc_send)
    udc_send_callback                        0x00001575   Thumb Code    28  usb.o(i.udc_send_callback)
    udc_set_address                          0x00001595   Thumb Code    14  udc.o(i.udc_set_address)
    usb_configuration_callback               0x000015a9   Thumb Code    18  main.o(i.usb_configuration_callback)
    usb_handle_standard_request              0x000015c5   Thumb Code   850  usb.o(i.usb_handle_standard_request)
    usb_init                                 0x00001945   Thumb Code    14  usb.o(i.usb_init)
    usb_recv                                 0x00001959   Thumb Code    28  usb.o(i.usb_recv)
    usb_recv_callback                        0x00001979   Thumb Code    38  main.o(i.usb_recv_callback)
    usb_send                                 0x000019b1   Thumb Code    30  usb.o(i.usb_send)
    usb_send_callback                        0x000019d5   Thumb Code     2  main.o(i.usb_send_callback)
    Region$$Table$$Base                      0x00001a24   Number         0  anon$$obj.o(Region$$Table)
    Region$$Table$$Limit                     0x00001a44   Number         0  anon$$obj.o(Region$$Table)
    RTS                                      0x20000000   Data           8  usb.o(.data)
    usb_device_descriptor                    0x2000000c   Data          18  usb_descriptors.o(.data)
    usb_configuration_hierarchy              0x20000020   Data          67  usb_descriptors.o(.data)
    usb_hid_report_descriptor                0x20000064   Data          33  usb_descriptors.o(.data)
    usb_string_descriptor_zero               0x20000088   Data           4  usb_descriptors.o(.data)
    usb_strings                              0x2000008c   Data          24  usb_descriptors.o(.data)
    SystemCoreClock                          0x200000a4   Data           4  system_samd21.o(.data)
    udc_mem                                  0x20000148   Data         256  udc.o(.bss)
    usb_string_descriptor_buffer             0x20000308   Data          64  usb_descriptors.o(.bss)
    __libspace_start                         0x20000348   Data          96  libspace.o(.bss)
    __temporary_stack_top$libspace           0x200003a8   Data           0  libspace.o(.bss)



==============================================================================

Memory Map of the image

  Image Entry point : 0x000000b5

  Load Region LR_IROM1 (Base: 0x00000000, Size: 0x00001aec, Max: 0x00040000, ABSOLUTE)

    Execution Region ER_IROM1 (Exec base: 0x00000000, Load base: 0x00000000, Size: 0x00001a44, Max: 0x00040000, ABSOLUTE)

    Exec Addr    Load Addr    Size         Type   Attr      Idx    E Section Name        Object

    0x00000000   0x00000000   0x000000b4   Data   RO          720    RESET               startup_samd21_1.o
    0x000000b4   0x000000b4   0x00000008   Code   RO          769  * !!!main             c_p.l(__main.o)
    0x000000bc   0x000000bc   0x0000003c   Code   RO          928    !!!scatter          c_p.l(__scatter.o)
    0x000000f8   0x000000f8   0x0000001a   Code   RO          930    !!handler_copy      c_p.l(__scatter_copy.o)
    0x00000112   0x00000112   0x00000002   PAD
    0x00000114   0x00000114   0x0000001c   Code   RO          932    !!handler_zi        c_p.l(__scatter_zi.o)
    0x00000130   0x00000130   0x00000002   Code   RO          797    .ARM.Collect$$libinit$$00000000  c_p.l(libinit.o)
    0x00000132   0x00000132   0x00000000   Code   RO          805    .ARM.Collect$$libinit$$00000002  c_p.l(libinit2.o)
    0x00000132   0x00000132   0x00000000   Code   RO          807    .ARM.Collect$$libinit$$00000004  c_p.l(libinit2.o)
    0x00000132   0x00000132   0x00000000   Code   RO          810    .ARM.Collect$$libinit$$0000000A  c_p.l(libinit2.o)
    0x00000132   0x00000132   0x00000000   Code   RO          812    .ARM.Collect$$libinit$$0000000C  c_p.l(libinit2.o)
    0x00000132   0x00000132   0x00000000   Code   RO          814    .ARM.Collect$$libinit$$0000000E  c_p.l(libinit2.o)
    0x00000132   0x00000132   0x00000000   Code   RO          817    .ARM.Collect$$libinit$$00000011  c_p.l(libinit2.o)
    0x00000132   0x00000132   0x00000000   Code   RO          819    .ARM.Collect$$libinit$$00000013  c_p.l(libinit2.o)
    0x00000132   0x00000132   0x00000000   Code   RO          821    .ARM.Collect$$libinit$$00000015  c_p.l(libinit2.o)
    0x00000132   0x00000132   0x00000000   Code   RO          823    .ARM.Collect$$libinit$$00000017  c_p.l(libinit2.o)
    0x00000132   0x00000132   0x00000000   Code   RO          825    .ARM.Collect$$libinit$$00000019  c_p.l(libinit2.o)
    0x00000132   0x00000132   0x00000000   Code   RO          827    .ARM.Collect$$libinit$$0000001B  c_p.l(libinit2.o)
    0x00000132   0x00000132   0x00000000   Code   RO          829    .ARM.Collect$$libinit$$0000001D  c_p.l(libinit2.o)
    0x00000132   0x00000132   0x00000000   Code   RO          831    .ARM.Collect$$libinit$$0000001F  c_p.l(libinit2.o)
    0x00000132   0x00000132   0x00000000   Code   RO          833    .ARM.Collect$$libinit$$00000021  c_p.l(libinit2.o)
    0x00000132   0x00000132   0x00000000   Code   RO          835    .ARM.Collect$$libinit$$00000023  c_p.l(libinit2.o)
    0x00000132   0x00000132   0x00000000   Code   RO          837    .ARM.Collect$$libinit$$00000025  c_p.l(libinit2.o)
    0x00000132   0x00000132   0x00000000   Code   RO          841    .ARM.Collect$$libinit$$0000002C  c_p.l(libinit2.o)
    0x00000132   0x00000132   0x00000000   Code   RO          843    .ARM.Collect$$libinit$$0000002E  c_p.l(libinit2.o)
    0x00000132   0x00000132   0x00000000   Code   RO          845    .ARM.Collect$$libinit$$00000030  c_p.l(libinit2.o)
    0x00000132   0x00000132   0x00000000   Code   RO          847    .ARM.Collect$$libinit$$00000032  c_p.l(libinit2.o)
    0x00000132   0x00000132   0x00000002   Code   RO          848    .ARM.Collect$$libinit$$00000033  c_p.l(libinit2.o)
    0x00000134   0x00000134   0x00000002   Code   RO          868    .ARM.Collect$$libshutdown$$00000000  c_p.l(libshutdown.o)
    0x00000136   0x00000136   0x00000000   Code   RO          881    .ARM.Collect$$libshutdown$$00000002  c_p.l(libshutdown2.o)
    0x00000136   0x00000136   0x00000000   Code   RO          883    .ARM.Collect$$libshutdown$$00000004  c_p.l(libshutdown2.o)
    0x00000136   0x00000136   0x00000000   Code   RO          886    .ARM.Collect$$libshutdown$$00000007  c_p.l(libshutdown2.o)
    0x00000136   0x00000136   0x00000000   Code   RO          889    .ARM.Collect$$libshutdown$$0000000A  c_p.l(libshutdown2.o)
    0x00000136   0x00000136   0x00000000   Code   RO          891    .ARM.Collect$$libshutdown$$0000000C  c_p.l(libshutdown2.o)
    0x00000136   0x00000136   0x00000000   Code   RO          894    .ARM.Collect$$libshutdown$$0000000F  c_p.l(libshutdown2.o)
    0x00000136   0x00000136   0x00000002   Code   RO          895    .ARM.Collect$$libshutdown$$00000010  c_p.l(libshutdown2.o)
    0x00000138   0x00000138   0x00000000   Code   RO          771    .ARM.Collect$$rtentry$$00000000  c_p.l(__rtentry.o)
    0x00000138   0x00000138   0x00000000   Code   RO          773    .ARM.Collect$$rtentry$$00000002  c_p.l(__rtentry2.o)
    0x00000138   0x00000138   0x00000006   Code   RO          785    .ARM.Collect$$rtentry$$00000004  c_p.l(__rtentry4.o)
    0x0000013e   0x0000013e   0x00000000   Code   RO          775    .ARM.Collect$$rtentry$$00000009  c_p.l(__rtentry2.o)
    0x0000013e   0x0000013e   0x00000004   Code   RO          776    .ARM.Collect$$rtentry$$0000000A  c_p.l(__rtentry2.o)
    0x00000142   0x00000142   0x00000000   Code   RO          778    .ARM.Collect$$rtentry$$0000000C  c_p.l(__rtentry2.o)
    0x00000142   0x00000142   0x00000008   Code   RO          779    .ARM.Collect$$rtentry$$0000000D  c_p.l(__rtentry2.o)
    0x0000014a   0x0000014a   0x00000002   Code   RO          802    .ARM.Collect$$rtexit$$00000000  c_p.l(rtexit.o)
    0x0000014c   0x0000014c   0x00000000   Code   RO          850    .ARM.Collect$$rtexit$$00000002  c_p.l(rtexit2.o)
    0x0000014c   0x0000014c   0x00000004   Code   RO          851    .ARM.Collect$$rtexit$$00000003  c_p.l(rtexit2.o)
    0x00000150   0x00000150   0x00000006   Code   RO          852    .ARM.Collect$$rtexit$$00000004  c_p.l(rtexit2.o)
    0x00000156   0x00000156   0x00000002   PAD
    0x00000158   0x00000158   0x00000038   Code   RO          761    .emb_text           c_p.l(rt_memcpy.o)
    0x00000190   0x00000190   0x00000034   Code   RO          721    .text               startup_samd21_1.o
    0x000001c4   0x000001c4   0x00000044   Code   RO          759    .text               c_p.l(strlen.o)
    0x00000208   0x00000208   0x00000082   Code   RO          762    .text               c_p.l(rt_memcpy.o)
    0x0000028a   0x0000028a   0x00000040   Code   RO          765    .text               c_p.l(rt_memclr.o)
    0x000002ca   0x000002ca   0x00000006   Code   RO          767    .text               c_p.l(heapauxi.o)
    0x000002d0   0x000002d0   0x0000003e   Code   RO          787    .text               c_p.l(sys_stackheap_outer.o)
    0x0000030e   0x0000030e   0x00000010   Code   RO          790    .text               c_p.l(exit.o)
    0x0000031e   0x0000031e   0x00000002   PAD
    0x00000320   0x00000320   0x00000008   Code   RO          798    .text               c_p.l(libspace.o)
    0x00000328   0x00000328   0x0000000c   Code   RO          860    .text               c_p.l(sys_exit.o)
    0x00000334   0x00000334   0x00000002   Code   RO          871    .text               c_p.l(use_no_semi.o)
    0x00000336   0x00000336   0x00000000   Code   RO          873    .text               c_p.l(indicate_semi.o)
    0x00000336   0x00000336   0x00000002   PAD
    0x00000338   0x00000338   0x0000001c   Code   RO          255    i.HAL_GPIO_0_in     gpio.o
    0x00000354   0x00000354   0x00000024   Code   RO          256    i.HAL_GPIO_0_pullen  gpio.o
    0x00000378   0x00000378   0x00000018   Code   RO          257    i.HAL_GPIO_0_write  gpio.o
    0x00000390   0x00000390   0x0000001c   Code   RO          258    i.HAL_GPIO_1_in     gpio.o
    0x000003ac   0x000003ac   0x00000024   Code   RO          259    i.HAL_GPIO_1_pullen  gpio.o
    0x000003d0   0x000003d0   0x00000018   Code   RO          260    i.HAL_GPIO_1_write  gpio.o
    0x000003e8   0x000003e8   0x0000001c   Code   RO          261    i.HAL_GPIO_2_in     gpio.o
    0x00000404   0x00000404   0x00000024   Code   RO          262    i.HAL_GPIO_2_pullen  gpio.o
    0x00000428   0x00000428   0x00000018   Code   RO          263    i.HAL_GPIO_2_write  gpio.o
    0x00000440   0x00000440   0x0000001c   Code   RO          264    i.HAL_GPIO_3_in     gpio.o
    0x0000045c   0x0000045c   0x00000024   Code   RO          265    i.HAL_GPIO_3_pullen  gpio.o
    0x00000480   0x00000480   0x00000018   Code   RO          266    i.HAL_GPIO_3_write  gpio.o
    0x00000498   0x00000498   0x0000001c   Code   RO          267    i.HAL_GPIO_4_in     gpio.o
    0x000004b4   0x000004b4   0x00000024   Code   RO          268    i.HAL_GPIO_4_pullen  gpio.o
    0x000004d8   0x000004d8   0x00000018   Code   RO          269    i.HAL_GPIO_4_write  gpio.o
    0x000004f0   0x000004f0   0x0000001c   Code   RO          270    i.HAL_GPIO_5_in     gpio.o
    0x0000050c   0x0000050c   0x00000024   Code   RO          271    i.HAL_GPIO_5_pullen  gpio.o
    0x00000530   0x00000530   0x00000018   Code   RO          272    i.HAL_GPIO_5_write  gpio.o
    0x00000548   0x00000548   0x0000001c   Code   RO          273    i.HAL_GPIO_6_in     gpio.o
    0x00000564   0x00000564   0x00000024   Code   RO          274    i.HAL_GPIO_6_pullen  gpio.o
    0x00000588   0x00000588   0x00000018   Code   RO          275    i.HAL_GPIO_6_write  gpio.o
    0x000005a0   0x000005a0   0x0000001c   Code   RO          276    i.HAL_GPIO_7_in     gpio.o
    0x000005bc   0x000005bc   0x00000024   Code   RO          277    i.HAL_GPIO_7_pullen  gpio.o
    0x000005e0   0x000005e0   0x00000018   Code   RO          278    i.HAL_GPIO_7_write  gpio.o
    0x000005f8   0x000005f8   0x00000010   Code   RO          728    i.SystemInit        system_samd21.o
    0x00000608   0x00000608   0x00000028   Code   RO          458    i.TC3_Handler       main.o
    0x00000630   0x00000630   0x000001c0   Code   RO          526    i.USB_Handler       udc.o
    0x000007f0   0x000007f0   0x000000d0   Code   RO            3    i.debug_init        debug.o
    0x000008c0   0x000008c0   0x0000001c   Code   RO            4    i.debug_putc        debug.o
    0x000008dc   0x000008dc   0x00000016   Code   RO            6    i.debug_puts        debug.o
    0x000008f2   0x000008f2   0x00000002   PAD
    0x000008f4   0x000008f4   0x00000084   Code   RO          279    i.gpio_config_fn_0  gpio.o
    0x00000978   0x00000978   0x00000084   Code   RO          280    i.gpio_config_fn_1  gpio.o
    0x000009fc   0x000009fc   0x00000084   Code   RO          281    i.gpio_config_fn_2  gpio.o
    0x00000a80   0x00000a80   0x00000084   Code   RO          282    i.gpio_config_fn_3  gpio.o
    0x00000b04   0x00000b04   0x00000084   Code   RO          283    i.gpio_config_fn_4  gpio.o
    0x00000b88   0x00000b88   0x00000084   Code   RO          284    i.gpio_config_fn_5  gpio.o
    0x00000c0c   0x00000c0c   0x00000084   Code   RO          285    i.gpio_config_fn_6  gpio.o
    0x00000c90   0x00000c90   0x00000084   Code   RO          286    i.gpio_config_fn_7  gpio.o
    0x00000d14   0x00000d14   0x00000066   Code   RO          287    i.gpio_configure    gpio.o
    0x00000d7a   0x00000d7a   0x00000016   Code   RO          288    i.gpio_init         gpio.o
    0x00000d90   0x00000d90   0x00000068   Code   RO          459    i.main              main.o
    0x00000df8   0x00000df8   0x000000a8   Code   RO          460    i.sys_init          main.o
    0x00000ea0   0x00000ea0   0x00000068   Code   RO          461    i.timer_init        main.o
    0x00000f08   0x00000f08   0x0000019c   Code   RO          528    i.udc_configure_endpoint  udc.o
    0x000010a4   0x000010a4   0x00000080   Code   RO          529    i.udc_control_send  udc.o
    0x00001124   0x00001124   0x00000040   Code   RO          530    i.udc_control_send_zlp  udc.o
    0x00001164   0x00001164   0x00000014   Code   RO          531    i.udc_control_stall  udc.o
    0x00001178   0x00001178   0x000000d0   Code   RO          533    i.udc_endpoint_clear_feature  udc.o
    0x00001248   0x00001248   0x00000038   Code   RO          534    i.udc_endpoint_configured  udc.o
    0x00001280   0x00001280   0x00000028   Code   RO          535    i.udc_endpoint_get_status  udc.o
    0x000012a8   0x000012a8   0x0000003c   Code   RO          536    i.udc_endpoint_set_feature  udc.o
    0x000012e4   0x000012e4   0x00000190   Code   RO          537    i.udc_init          udc.o
    0x00001474   0x00001474   0x0000005c   Code   RO          539    i.udc_recv          udc.o
    0x000014d0   0x000014d0   0x0000001c   Code   RO          653    i.udc_recv_callback  usb.o
    0x000014ec   0x000014ec   0x00000030   Code   RO          540    i.udc_reset_endpoint  udc.o
    0x0000151c   0x0000151c   0x00000058   Code   RO          541    i.udc_send          udc.o
    0x00001574   0x00001574   0x00000020   Code   RO          654    i.udc_send_callback  usb.o
    0x00001594   0x00001594   0x00000014   Code   RO          542    i.udc_set_address   udc.o
    0x000015a8   0x000015a8   0x0000001c   Code   RO          462    i.usb_configuration_callback  main.o
    0x000015c4   0x000015c4   0x00000380   Code   RO          655    i.usb_handle_standard_request  usb.o
    0x00001944   0x00001944   0x00000014   Code   RO          656    i.usb_init          usb.o
    0x00001958   0x00001958   0x00000020   Code   RO          657    i.usb_recv          usb.o
    0x00001978   0x00001978   0x00000038   Code   RO          463    i.usb_recv_callback  main.o
    0x000019b0   0x000019b0   0x00000024   Code   RO          658    i.usb_send          usb.o
    0x000019d4   0x000019d4   0x00000002   Code   RO          464    i.usb_send_callback  main.o
    0x000019d6   0x000019d6   0x00000002   PAD
    0x000019d8   0x000019d8   0x00000049   Data   RO          700    .conststring        usb_descriptors.o
    0x00001a21   0x00001a21   0x00000003   PAD
    0x00001a24   0x00001a24   0x00000020   Data   RO          926    Region$$Table       anon$$obj.o


    Execution Region RW_IRAM1 (Exec base: 0x20000000, Load base: 0x00001a44, Size: 0x000005a8, Max: 0x00008000, ABSOLUTE)

    Exec Addr    Load Addr    Size         Type   Attr      Idx    E Section Name        Object

    0x20000000   0x00001a44   0x0000000c   Data   RW          660    .data               usb.o
    0x2000000c   0x00001a50   0x00000098   Data   RW          701    .data               usb_descriptors.o
    0x200000a4   0x00001ae8   0x00000004   Data   RW          729    .data               system_samd21.o
    0x200000a8        -       0x00000020   Zero   RW          291    .bss                gpio.o
    0x200000c8        -       0x00000080   Zero   RW          465    .bss                main.o
    0x20000148        -       0x00000180   Zero   RW          543    .bss                udc.o
    0x200002c8        -       0x00000040   Zero   RW          659    .bss                usb.o
    0x20000308        -       0x00000040   Zero   RW          699    .bss                usb_descriptors.o
    0x20000348        -       0x00000060   Zero   RW          799    .bss                c_p.l(libspace.o)
    0x200003a8        -       0x00000000   Zero   RW          719    HEAP                startup_samd21_1.o
    0x200003a8        -       0x00000200   Zero   RW          718    STACK               startup_samd21_1.o


==============================================================================

Image component sizes


      Code (inc. data)   RO Data    RW Data    ZI Data      Debug   Object Name

       258         36          0          0          0      65835   debug.o
      1884        160          0          0         32      17529   gpio.o
       502        122          0          0        128      14674   main.o
        52         22        180          0        512        636   startup_samd21_1.o
        16          8          0          4          0        683   system_samd21.o
      2084        174          0          0        384       9891   udc.o
      1044         70          0         12         64       5281   usb.o
         0          0         73        152         64       2806   usb_descriptors.o

    ----------------------------------------------------------------------
      5844        592        288        168       1184     117335   Object Totals
         0          0         32          0          0          0   (incl. Generated)
         4          0          3          0          0          0   (incl. Padding)

    ----------------------------------------------------------------------

      Code (inc. data)   RO Data    RW Data    ZI Data      Debug   Library Member Name

         8          0          0          0          0         68   __main.o
         0          0          0          0          0          0   __rtentry.o
        12          0          0          0          0          0   __rtentry2.o
         6          0          0          0          0          0   __rtentry4.o
        60          8          0          0          0          0   __scatter.o
        26          0          0          0          0          0   __scatter_copy.o
        28          0          0          0          0          0   __scatter_zi.o
        16          0          0          0          0         68   exit.o
         6          0          0          0          0        136   heapauxi.o
         0          0          0          0          0          0   indicate_semi.o
         2          0          0          0          0          0   libinit.o
         2          0          0          0          0          0   libinit2.o
         2          0          0          0          0          0   libshutdown.o
         2          0          0          0          0          0   libshutdown2.o
         8          4          0          0         96         68   libspace.o
        64          0          0          0          0        108   rt_memclr.o
       186          0          0          0          0        144   rt_memcpy.o
         2          0          0          0          0          0   rtexit.o
        10          0          0          0          0          0   rtexit2.o
        68          6          0          0          0         72   strlen.o
        12          4          0          0          0         60   sys_exit.o
        62          0          0          0          0         80   sys_stackheap_outer.o
         2          0          0          0          0         68   use_no_semi.o

    ----------------------------------------------------------------------
       592         22          0          0         96        872   Library Totals
         8          0          0          0          0          0   (incl. Padding)

    ----------------------------------------------------------------------

      Code (inc. data)   RO Data    RW Data    ZI Data      Debug   Library Name

       584         22          0          0         96        872   c_p.l

    ----------------------------------------------------------------------
       592         22          0          0         96        872   Library Totals

    ----------------------------------------------------------------------

==============================================================================


      Code (inc. data)   RO Data    RW Data    ZI Data      Debug   

      6436        614        288        168       1280     115247   Grand Totals
      6436        614        288        168       1280     115247   ELF Image Totals
      6436        614        288        168          0          0   ROM Totals

==============================================================================

    Total RO  Size (Code + RO Data)                 6724 (   6.57kB)
    Total RW  Size (RW Data + ZI Data)              1448 (   1.41kB)
    Total ROM Size (Code + RO Data + RW Data)       6892 (   6.73kB)

==============================================================================

